// Jest Snapshot v1, https://goo.gl/fbAQLP

exports[`Button tests should match snapshot 1`] = `
<DocumentFragment>
  .emotion-1 {
  display: -webkit-box;
  display: -webkit-flex;
  display: -ms-flexbox;
  display: flex;
  height: 100%;
  width: 100%;
  margin: auto;
  -webkit-align-items: center;
  -webkit-box-align: center;
  -ms-flex-align: center;
  align-items: center;
  -webkit-box-pack: center;
  -ms-flex-pack: center;
  -webkit-justify-content: center;
  justify-content: center;
  font-family: "VTEX Trust",-apple-system,system-ui,BlinkMacSystemFont,sans-serif;
  font-variation-settings: 'WGHT' 600;
  font-size: 0.875rem;
  line-height: 1.4285714286;
  letter-spacing: 0.0125em;
}

.emotion-0 {
  font-family: "VTEX Trust",-apple-system,system-ui,BlinkMacSystemFont,sans-serif;
  font-variation-settings: 'WGHT' 600;
  font-size: 0.875rem;
  line-height: 1.4285714286;
  letter-spacing: 0.0125em;
  display: -webkit-box;
  display: -webkit-flex;
  display: -ms-flexbox;
  display: flex;
  -webkit-align-items: center;
  -webkit-box-align: center;
  -ms-flex-align: center;
  align-items: center;
  -webkit-box-pack: center;
  -ms-flex-pack: center;
  -webkit-justify-content: center;
  justify-content: center;
  visibility: visible;
  -webkit-flex-direction: row;
  -ms-flex-direction: row;
  flex-direction: row;
}

.emotion-2 {
  font-family: "VTEX Trust",-apple-system,system-ui,BlinkMacSystemFont,sans-serif;
  font-variation-settings: 'WGHT' 600;
  font-size: 0.875rem;
  line-height: 1.4285714286;
  letter-spacing: 0.0125em;
  border: none;
  border-radius: 4px;
  cursor: pointer;
  position: relative;
  height: 40px;
  width: auto;
  padding-left: 1rem;
  padding-right: 1rem;
  color: #FFFFFF;
  background: hsla(222, 63%, 43%, 1);
}

.emotion-2:disabled {
  background: hsla(0, 0%, 90%, 1);
  color: hsla(0, 0%, 45%, 1);
}

.emotion-2:hover {
  color: #FFFFFF;
  background: hsla(222, 63%, 34%, 1);
}

.emotion-2:active {
  color: #FFFFFF;
  background: hsla(222, 63%, 25%, 1);
}

.emotion-2:focus:not([data-focus-visible-added]) {
  outline: none;
  box-shadow: none;
}

.emotion-2:focus {
  outline: none;
  box-shadow: 0rem 0rem 0rem 0.125rem hsla(222, 64%, 84%, 1);
}

.emotion-2 svg {
  margin: 0.25rem;
}

<button
    class="emotion-2"
    type="button"
  >
    <div
      class="emotion-1"
    >
      <div
        class="emotion-0"
      >
         Button
      </div>
    </div>
  </button>
  .emotion-1 {
  display: -webkit-box;
  display: -webkit-flex;
  display: -ms-flexbox;
  display: flex;
  height: 100%;
  width: 100%;
  margin: auto;
  -webkit-align-items: center;
  -webkit-box-align: center;
  -ms-flex-align: center;
  align-items: center;
  -webkit-box-pack: center;
  -ms-flex-pack: center;
  -webkit-justify-content: center;
  justify-content: center;
  font-family: "VTEX Trust",-apple-system,system-ui,BlinkMacSystemFont,sans-serif;
  font-variation-settings: 'WGHT' 600;
  font-size: 0.875rem;
  line-height: 1.4285714286;
  letter-spacing: 0.0125em;
}

.emotion-0 {
  font-family: "VTEX Trust",-apple-system,system-ui,BlinkMacSystemFont,sans-serif;
  font-variation-settings: 'WGHT' 600;
  font-size: 0.875rem;
  line-height: 1.4285714286;
  letter-spacing: 0.0125em;
  display: -webkit-box;
  display: -webkit-flex;
  display: -ms-flexbox;
  display: flex;
  -webkit-align-items: center;
  -webkit-box-align: center;
  -ms-flex-align: center;
  align-items: center;
  -webkit-box-pack: center;
  -ms-flex-pack: center;
  -webkit-justify-content: center;
  justify-content: center;
  visibility: visible;
  -webkit-flex-direction: row;
  -ms-flex-direction: row;
  flex-direction: row;
}

.emotion-2 {
  font-family: "VTEX Trust",-apple-system,system-ui,BlinkMacSystemFont,sans-serif;
  font-variation-settings: 'WGHT' 600;
  font-size: 0.875rem;
  line-height: 1.4285714286;
  letter-spacing: 0.0125em;
  border: none;
  border-radius: 4px;
  cursor: pointer;
  position: relative;
  height: 40px;
  width: auto;
  padding-left: 1rem;
  padding-right: 1rem;
  color: hsla(222, 63%, 34%, 1);
  background: hsla(222, 62%, 92%, 1);
}

.emotion-2:disabled {
  background: hsla(0, 0%, 90%, 1);
  color: hsla(0, 0%, 45%, 1);
}

.emotion-2:hover {
  color: hsla(222, 63%, 34%, 1);
  background: hsla(222, 64%, 84%, 1);
}

.emotion-2:active {
  color: hsla(222, 63%, 34%, 1);
  background: hsla(222, 78%, 77%, 1);
}

.emotion-2:focus:not([data-focus-visible-added]) {
  outline: none;
  box-shadow: none;
}

.emotion-2:focus {
  outline: none;
  box-shadow: 0rem 0rem 0rem 0.125rem hsla(222, 64%, 84%, 1);
}

.emotion-2 svg {
  margin: 0.25rem;
}

<button
    class="emotion-2"
    type="button"
  >
    <div
      class="emotion-1"
    >
      <div
        class="emotion-0"
      >
         Button
      </div>
    </div>
  </button>
  .emotion-1 {
  display: -webkit-box;
  display: -webkit-flex;
  display: -ms-flexbox;
  display: flex;
  height: 100%;
  width: 100%;
  margin: auto;
  -webkit-align-items: center;
  -webkit-box-align: center;
  -ms-flex-align: center;
  align-items: center;
  -webkit-box-pack: center;
  -ms-flex-pack: center;
  -webkit-justify-content: center;
  justify-content: center;
  font-family: "VTEX Trust",-apple-system,system-ui,BlinkMacSystemFont,sans-serif;
  font-variation-settings: 'WGHT' 600;
  font-size: 0.875rem;
  line-height: 1.4285714286;
  letter-spacing: 0.0125em;
}

.emotion-0 {
  font-family: "VTEX Trust",-apple-system,system-ui,BlinkMacSystemFont,sans-serif;
  font-variation-settings: 'WGHT' 600;
  font-size: 0.875rem;
  line-height: 1.4285714286;
  letter-spacing: 0.0125em;
  display: -webkit-box;
  display: -webkit-flex;
  display: -ms-flexbox;
  display: flex;
  -webkit-align-items: center;
  -webkit-box-align: center;
  -ms-flex-align: center;
  align-items: center;
  -webkit-box-pack: center;
  -ms-flex-pack: center;
  -webkit-justify-content: center;
  justify-content: center;
  visibility: visible;
  -webkit-flex-direction: row;
  -ms-flex-direction: row;
  flex-direction: row;
}

.emotion-2 {
  font-family: "VTEX Trust",-apple-system,system-ui,BlinkMacSystemFont,sans-serif;
  font-variation-settings: 'WGHT' 600;
  font-size: 0.875rem;
  line-height: 1.4285714286;
  letter-spacing: 0.0125em;
  border: none;
  border-radius: 4px;
  cursor: pointer;
  position: relative;
  height: 40px;
  width: auto;
  padding-left: 1rem;
  padding-right: 1rem;
  color: hsla(222, 63%, 43%, 1);
  background: transparent;
}

.emotion-2:disabled {
  background: hsla(0, 0%, 90%, 1);
  color: hsla(0, 0%, 45%, 1);
}

.emotion-2:hover {
  color: hsla(222, 63%, 43%, 1);
  background: hsla(224, 65%, 97%, 1);
}

.emotion-2:active {
  color: hsla(222, 63%, 43%, 1);
  background: hsla(222, 62%, 92%, 1);
}

.emotion-2:focus:not([data-focus-visible-added]) {
  outline: none;
  box-shadow: none;
}

.emotion-2:focus {
  outline: none;
  box-shadow: 0rem 0rem 0rem 0.125rem hsla(222, 64%, 84%, 1);
}

.emotion-2 svg {
  margin: 0.25rem;
}

<button
    class="emotion-2"
    type="button"
  >
    <div
      class="emotion-1"
    >
      <div
        class="emotion-0"
      >
         Button
      </div>
    </div>
  </button>
  .emotion-1 {
  display: -webkit-box;
  display: -webkit-flex;
  display: -ms-flexbox;
  display: flex;
  height: 100%;
  width: 100%;
  margin: auto;
  -webkit-align-items: center;
  -webkit-box-align: center;
  -ms-flex-align: center;
  align-items: center;
  -webkit-box-pack: center;
  -ms-flex-pack: center;
  -webkit-justify-content: center;
  justify-content: center;
  font-family: "VTEX Trust",-apple-system,system-ui,BlinkMacSystemFont,sans-serif;
  font-variation-settings: 'WGHT' 600;
  font-size: 0.875rem;
  line-height: 1.4285714286;
  letter-spacing: 0.0125em;
}

.emotion-0 {
  font-family: "VTEX Trust",-apple-system,system-ui,BlinkMacSystemFont,sans-serif;
  font-variation-settings: 'WGHT' 600;
  font-size: 0.875rem;
  line-height: 1.4285714286;
  letter-spacing: 0.0125em;
  display: -webkit-box;
  display: -webkit-flex;
  display: -ms-flexbox;
  display: flex;
  -webkit-align-items: center;
  -webkit-box-align: center;
  -ms-flex-align: center;
  align-items: center;
  -webkit-box-pack: center;
  -ms-flex-pack: center;
  -webkit-justify-content: center;
  justify-content: center;
  visibility: visible;
  -webkit-flex-direction: row;
  -ms-flex-direction: row;
  flex-direction: row;
}

.emotion-2 {
  font-family: "VTEX Trust",-apple-system,system-ui,BlinkMacSystemFont,sans-serif;
  font-variation-settings: 'WGHT' 600;
  font-size: 0.875rem;
  line-height: 1.4285714286;
  letter-spacing: 0.0125em;
  border: none;
  border-radius: 4px;
  cursor: pointer;
  position: relative;
  height: 40px;
  width: auto;
  padding-left: 1rem;
  padding-right: 1rem;
  color: #FFFFFF;
  background: hsla(0, 58%, 52%, 1);
}

.emotion-2:disabled {
  background: hsla(0, 0%, 90%, 1);
  color: hsla(0, 0%, 45%, 1);
}

.emotion-2:hover {
  color: #FFFFFF;
  background: hsla(0, 58%, 37%, 1);
}

.emotion-2:active {
  color: #FFFFFF;
  background: hsla(0, 58%, 30%, 1);
}

.emotion-2:focus:not([data-focus-visible-added]) {
  outline: none;
  box-shadow: none;
}

.emotion-2:focus {
  outline: none;
  box-shadow: 0rem 0rem 0rem 0.125rem hsla(0, 59%, 83%, 1);
}

.emotion-2 svg {
  margin: 0.25rem;
}

<button
    class="emotion-2"
    type="button"
  >
    <div
      class="emotion-1"
    >
      <div
        class="emotion-0"
      >
         Button
      </div>
    </div>
  </button>
  .emotion-1 {
  display: -webkit-box;
  display: -webkit-flex;
  display: -ms-flexbox;
  display: flex;
  height: 100%;
  width: 100%;
  margin: auto;
  -webkit-align-items: center;
  -webkit-box-align: center;
  -ms-flex-align: center;
  align-items: center;
  -webkit-box-pack: center;
  -ms-flex-pack: center;
  -webkit-justify-content: center;
  justify-content: center;
  font-family: "VTEX Trust",-apple-system,system-ui,BlinkMacSystemFont,sans-serif;
  font-variation-settings: 'WGHT' 600;
  font-size: 0.875rem;
  line-height: 1.4285714286;
  letter-spacing: 0.0125em;
}

.emotion-0 {
  font-family: "VTEX Trust",-apple-system,system-ui,BlinkMacSystemFont,sans-serif;
  font-variation-settings: 'WGHT' 600;
  font-size: 0.875rem;
  line-height: 1.4285714286;
  letter-spacing: 0.0125em;
  display: -webkit-box;
  display: -webkit-flex;
  display: -ms-flexbox;
  display: flex;
  -webkit-align-items: center;
  -webkit-box-align: center;
  -ms-flex-align: center;
  align-items: center;
  -webkit-box-pack: center;
  -ms-flex-pack: center;
  -webkit-justify-content: center;
  justify-content: center;
  visibility: visible;
  -webkit-flex-direction: row;
  -ms-flex-direction: row;
  flex-direction: row;
}

.emotion-2 {
  font-family: "VTEX Trust",-apple-system,system-ui,BlinkMacSystemFont,sans-serif;
  font-variation-settings: 'WGHT' 600;
  font-size: 0.875rem;
  line-height: 1.4285714286;
  letter-spacing: 0.0125em;
  border: none;
  border-radius: 4px;
  cursor: pointer;
  position: relative;
  height: 40px;
  width: auto;
  padding-left: 1rem;
  padding-right: 1rem;
  color: hsla(0, 58%, 37%, 1);
  background: hsla(0, 60%, 93%, 1);
}

.emotion-2:disabled {
  background: hsla(0, 0%, 90%, 1);
  color: hsla(0, 0%, 45%, 1);
}

.emotion-2:hover {
  color: hsla(0, 58%, 37%, 1);
  background: hsla(0, 59%, 83%, 1);
}

.emotion-2:active {
  color: hsla(0, 58%, 37%, 1);
  background: hsla(0, 81%, 77%, 1);
}

.emotion-2:focus:not([data-focus-visible-added]) {
  outline: none;
  box-shadow: none;
}

.emotion-2:focus {
  outline: none;
  box-shadow: 0rem 0rem 0rem 0.125rem hsla(0, 59%, 83%, 1);
}

.emotion-2 svg {
  margin: 0.25rem;
}

<button
    class="emotion-2"
    type="button"
  >
    <div
      class="emotion-1"
    >
      <div
        class="emotion-0"
      >
         Button
      </div>
    </div>
  </button>
  .emotion-1 {
  display: -webkit-box;
  display: -webkit-flex;
  display: -ms-flexbox;
  display: flex;
  height: 100%;
  width: 100%;
  margin: auto;
  -webkit-align-items: center;
  -webkit-box-align: center;
  -ms-flex-align: center;
  align-items: center;
  -webkit-box-pack: center;
  -ms-flex-pack: center;
  -webkit-justify-content: center;
  justify-content: center;
  font-family: "VTEX Trust",-apple-system,system-ui,BlinkMacSystemFont,sans-serif;
  font-variation-settings: 'WGHT' 600;
  font-size: 0.875rem;
  line-height: 1.4285714286;
  letter-spacing: 0.0125em;
}

.emotion-0 {
  font-family: "VTEX Trust",-apple-system,system-ui,BlinkMacSystemFont,sans-serif;
  font-variation-settings: 'WGHT' 600;
  font-size: 0.875rem;
  line-height: 1.4285714286;
  letter-spacing: 0.0125em;
  display: -webkit-box;
  display: -webkit-flex;
  display: -ms-flexbox;
  display: flex;
  -webkit-align-items: center;
  -webkit-box-align: center;
  -ms-flex-align: center;
  align-items: center;
  -webkit-box-pack: center;
  -ms-flex-pack: center;
  -webkit-justify-content: center;
  justify-content: center;
  visibility: visible;
  -webkit-flex-direction: row;
  -ms-flex-direction: row;
  flex-direction: row;
}

.emotion-2 {
  font-family: "VTEX Trust",-apple-system,system-ui,BlinkMacSystemFont,sans-serif;
  font-variation-settings: 'WGHT' 600;
  font-size: 0.875rem;
  line-height: 1.4285714286;
  letter-spacing: 0.0125em;
  border: none;
  border-radius: 4px;
  cursor: pointer;
  position: relative;
  height: 40px;
  width: auto;
  padding-left: 1rem;
  padding-right: 1rem;
  color: hsla(0, 58%, 52%, 1);
  background: transparent;
}

.emotion-2:disabled {
  background: hsla(0, 0%, 90%, 1);
  color: hsla(0, 0%, 45%, 1);
}

.emotion-2:hover {
  color: hsla(0, 58%, 52%, 1);
  background: hsla(0, 53%, 97%, 1);
}

.emotion-2:active {
  color: hsla(0, 58%, 52%, 1);
  background: hsla(0, 60%, 93%, 1);
}

.emotion-2:focus:not([data-focus-visible-added]) {
  outline: none;
  box-shadow: none;
}

.emotion-2:focus {
  outline: none;
  box-shadow: 0rem 0rem 0rem 0.125rem hsla(0, 59%, 83%, 1);
}

.emotion-2 svg {
  margin: 0.25rem;
}

<button
    class="emotion-2"
    type="button"
  >
    <div
      class="emotion-1"
    >
      <div
        class="emotion-0"
      >
         Button
      </div>
    </div>
  </button>
</DocumentFragment>
`;
