// Jest Snapshot v1, https://goo.gl/fbAQLP

exports[`NumericStepper tests should match snapshot 1`] = `
<DocumentFragment>
  .emotion-10 {
  width: 106px;
}

.emotion-9 {
  position: relative;
  display: -webkit-box;
  display: -webkit-flex;
  display: -ms-flexbox;
  display: flex;
  -webkit-align-items: center;
  -webkit-box-align: center;
  -ms-flex-align: center;
  align-items: center;
  height: 48px;
  width: 106px;
  padding-top: 12px;
  padding-bottom: 12px;
}

.emotion-4 {
  font-family: "VTEX Trust",-apple-system,system-ui,BlinkMacSystemFont,sans-serif;
  font-variation-settings: 'WGHT' 600;
  font-size: 0.875rem;
  line-height: 1.4285714286;
  letter-spacing: 0.0125em;
  border: none;
  border-radius: 4px;
  cursor: pointer;
  position: absolute;
  height: 40px;
  width: 32px;
  padding-left: 0.125rem;
  padding-right: 0.125rem;
  color: hsla(222, 63%, 43%, 1);
  background: transparent;
  left: 0.25rem;
}

.emotion-4:disabled {
  background: hsla(0, 0%, 90%, 1);
  color: hsla(0, 0%, 45%, 1);
}

.emotion-4:hover {
  color: hsla(222, 63%, 43%, 1);
  background: hsla(224, 65%, 97%, 1);
}

.emotion-4:active {
  color: hsla(222, 63%, 43%, 1);
  background: hsla(222, 62%, 92%, 1);
}

.emotion-4:focus:not([data-focus-visible-added]) {
  outline: none;
  box-shadow: none;
}

.emotion-4:focus {
  outline: none;
  box-shadow: 0rem 0rem 0rem 0.125rem hsla(222, 64%, 84%, 1);
}

.emotion-4 svg {
  margin: 0.25rem;
}

.emotion-3 {
  display: -webkit-box;
  display: -webkit-flex;
  display: -ms-flexbox;
  display: flex;
  height: 100%;
  width: 100%;
  margin: auto;
  -webkit-align-items: center;
  -webkit-box-align: center;
  -ms-flex-align: center;
  align-items: center;
  -webkit-box-pack: center;
  -ms-flex-pack: center;
  -webkit-justify-content: center;
  justify-content: center;
  font-family: "VTEX Trust",-apple-system,system-ui,BlinkMacSystemFont,sans-serif;
  font-variation-settings: 'WGHT' 600;
  font-size: 0.875rem;
  line-height: 1.4285714286;
  letter-spacing: 0.0125em;
}

.emotion-2 {
  font-family: "VTEX Trust",-apple-system,system-ui,BlinkMacSystemFont,sans-serif;
  font-variation-settings: 'WGHT' 600;
  font-size: 0.875rem;
  line-height: 1.4285714286;
  letter-spacing: 0.0125em;
  display: -webkit-box;
  display: -webkit-flex;
  display: -ms-flexbox;
  display: flex;
  -webkit-align-items: center;
  -webkit-box-align: center;
  -ms-flex-align: center;
  align-items: center;
  -webkit-box-pack: center;
  -ms-flex-pack: center;
  -webkit-justify-content: center;
  justify-content: center;
  visibility: visible;
  -webkit-flex-direction: row;
  -ms-flex-direction: row;
  flex-direction: row;
}

.emotion-1 {
  width: 1.25rem;
  height: 1.25rem;
  min-height: 1.25rem;
  min-width: 1.25rem;
}

.emotion-8 {
  font-family: "VTEX Trust",-apple-system,system-ui,BlinkMacSystemFont,sans-serif;
  font-variation-settings: 'WGHT' 600;
  font-size: 0.875rem;
  line-height: 1.4285714286;
  letter-spacing: 0.0125em;
  border: none;
  border-radius: 4px;
  cursor: pointer;
  position: absolute;
  height: 40px;
  width: 32px;
  padding-left: 0.125rem;
  padding-right: 0.125rem;
  color: hsla(222, 63%, 43%, 1);
  background: transparent;
  right: 0.25rem;
}

.emotion-8:disabled {
  background: hsla(0, 0%, 90%, 1);
  color: hsla(0, 0%, 45%, 1);
}

.emotion-8:hover {
  color: hsla(222, 63%, 43%, 1);
  background: hsla(224, 65%, 97%, 1);
}

.emotion-8:active {
  color: hsla(222, 63%, 43%, 1);
  background: hsla(222, 62%, 92%, 1);
}

.emotion-8:focus:not([data-focus-visible-added]) {
  outline: none;
  box-shadow: none;
}

.emotion-8:focus {
  outline: none;
  box-shadow: 0rem 0rem 0rem 0.125rem hsla(222, 64%, 84%, 1);
}

.emotion-8 svg {
  margin: 0.25rem;
}

.emotion-0 {
  width: 106px;
  height: 48px;
  -webkit-appearance: none;
  -moz-appearance: none;
  -ms-appearance: none;
  appearance: none;
  padding-left: 36px;
  padding-right: 36px;
  text-align: center;
  color: #000000;
  border: 1px solid hsla(0, 0%, 73%, 1);
  border-radius: 4px;
  background: transparent;
}

.emotion-0::-webkit-inner-spin-button {
  -webkit-appearance: none;
  margin: 0rem;
}

.emotion-0:hover {
  border: 1px solid hsla(0, 0%, 33%, 1);
}

.emotion-0:disabled {
  background: hsla(0, 0%, 90%, 1);
  color: hsla(0, 0%, 45%, 1);
  border: 1px solid hsla(0, 0%, 45%, 1);
}

.emotion-0:focus {
  outline: none;
  box-shadow: 0rem 0rem 0rem 0.125rem hsla(0, 0%, 87%, 1);
}

.emotion-0:focus:not([data-focus-visible-added]) {
  outline: none;
  box-shadow: none;
}

<div
    class="emotion-10"
  >
    <div
      class="emotion-9"
    >
      <input
        aria-label="stepper number"
        class="emotion-0"
        max="10000000000"
        min="-10000000000"
        type="number"
        value="1"
      />
      <button
        aria-label="stepper number-decrease-button"
        class="emotion-4"
        type="button"
      >
        <div
          class="emotion-3"
        >
          <div
            class="emotion-2"
          >
            <svg
              class="emotion-1"
              fill="currentColor"
              height="1.25rem"
              viewBox="0 0 256 256"
              width="1.25rem"
              xmlns="http://www.w3.org/2000/svg"
            >
              <rect
                fill="none"
                height="16rem"
                width="16rem"
              />
              <path
                d="M40 128.18H216"
                fill="none"
                stroke="currentColor"
                stroke-linecap="round"
                stroke-linejoin="round"
                stroke-width="18"
              />
            </svg>
             
          </div>
        </div>
      </button>
      <button
        aria-label="stepper number-increase-button}"
        class="emotion-8"
        type="button"
      >
        <div
          class="emotion-3"
        >
          <div
            class="emotion-2"
          >
            <svg
              class="emotion-1"
              fill="currentColor"
              height="1.25rem"
              viewBox="0 0 256 256"
              width="1.25rem"
              xmlns="http://www.w3.org/2000/svg"
            >
              <rect
                fill="none"
                height="16rem"
                width="16rem"
              />
              <line
                fill="none"
                stroke="currentColor"
                stroke-linecap="round"
                stroke-linejoin="round"
                stroke-width="18"
                x1="40"
                x2="216"
                y1="128"
                y2="128"
              />
              <line
                fill="none"
                stroke="currentColor"
                stroke-linecap="round"
                stroke-linejoin="round"
                stroke-width="18"
                x1="128"
                x2="128"
                y1="40"
                y2="216"
              />
            </svg>
             
          </div>
        </div>
      </button>
    </div>
  </div>
  .emotion-11 {
  width: 106px;
}

.emotion-9 {
  position: relative;
  display: -webkit-box;
  display: -webkit-flex;
  display: -ms-flexbox;
  display: flex;
  -webkit-align-items: center;
  -webkit-box-align: center;
  -ms-flex-align: center;
  align-items: center;
  height: 48px;
  width: 106px;
  padding-top: 12px;
  padding-bottom: 12px;
}

.emotion-4 {
  font-family: "VTEX Trust",-apple-system,system-ui,BlinkMacSystemFont,sans-serif;
  font-variation-settings: 'WGHT' 600;
  font-size: 0.875rem;
  line-height: 1.4285714286;
  letter-spacing: 0.0125em;
  border: none;
  border-radius: 4px;
  cursor: pointer;
  position: absolute;
  height: 40px;
  width: 32px;
  padding-left: 0.125rem;
  padding-right: 0.125rem;
  color: hsla(222, 63%, 43%, 1);
  background: transparent;
  left: 0.25rem;
}

.emotion-4:disabled {
  background: hsla(0, 0%, 90%, 1);
  color: hsla(0, 0%, 45%, 1);
}

.emotion-4:hover {
  color: hsla(222, 63%, 43%, 1);
  background: hsla(224, 65%, 97%, 1);
}

.emotion-4:active {
  color: hsla(222, 63%, 43%, 1);
  background: hsla(222, 62%, 92%, 1);
}

.emotion-4:focus:not([data-focus-visible-added]) {
  outline: none;
  box-shadow: none;
}

.emotion-4:focus {
  outline: none;
  box-shadow: 0rem 0rem 0rem 0.125rem hsla(222, 64%, 84%, 1);
}

.emotion-4 svg {
  margin: 0.25rem;
}

.emotion-3 {
  display: -webkit-box;
  display: -webkit-flex;
  display: -ms-flexbox;
  display: flex;
  height: 100%;
  width: 100%;
  margin: auto;
  -webkit-align-items: center;
  -webkit-box-align: center;
  -ms-flex-align: center;
  align-items: center;
  -webkit-box-pack: center;
  -ms-flex-pack: center;
  -webkit-justify-content: center;
  justify-content: center;
  font-family: "VTEX Trust",-apple-system,system-ui,BlinkMacSystemFont,sans-serif;
  font-variation-settings: 'WGHT' 600;
  font-size: 0.875rem;
  line-height: 1.4285714286;
  letter-spacing: 0.0125em;
}

.emotion-2 {
  font-family: "VTEX Trust",-apple-system,system-ui,BlinkMacSystemFont,sans-serif;
  font-variation-settings: 'WGHT' 600;
  font-size: 0.875rem;
  line-height: 1.4285714286;
  letter-spacing: 0.0125em;
  display: -webkit-box;
  display: -webkit-flex;
  display: -ms-flexbox;
  display: flex;
  -webkit-align-items: center;
  -webkit-box-align: center;
  -ms-flex-align: center;
  align-items: center;
  -webkit-box-pack: center;
  -ms-flex-pack: center;
  -webkit-justify-content: center;
  justify-content: center;
  visibility: visible;
  -webkit-flex-direction: row;
  -ms-flex-direction: row;
  flex-direction: row;
}

.emotion-1 {
  width: 1.25rem;
  height: 1.25rem;
  min-height: 1.25rem;
  min-width: 1.25rem;
}

.emotion-8 {
  font-family: "VTEX Trust",-apple-system,system-ui,BlinkMacSystemFont,sans-serif;
  font-variation-settings: 'WGHT' 600;
  font-size: 0.875rem;
  line-height: 1.4285714286;
  letter-spacing: 0.0125em;
  border: none;
  border-radius: 4px;
  cursor: pointer;
  position: absolute;
  height: 40px;
  width: 32px;
  padding-left: 0.125rem;
  padding-right: 0.125rem;
  color: hsla(222, 63%, 43%, 1);
  background: transparent;
  right: 0.25rem;
}

.emotion-8:disabled {
  background: hsla(0, 0%, 90%, 1);
  color: hsla(0, 0%, 45%, 1);
}

.emotion-8:hover {
  color: hsla(222, 63%, 43%, 1);
  background: hsla(224, 65%, 97%, 1);
}

.emotion-8:active {
  color: hsla(222, 63%, 43%, 1);
  background: hsla(222, 62%, 92%, 1);
}

.emotion-8:focus:not([data-focus-visible-added]) {
  outline: none;
  box-shadow: none;
}

.emotion-8:focus {
  outline: none;
  box-shadow: 0rem 0rem 0rem 0.125rem hsla(222, 64%, 84%, 1);
}

.emotion-8 svg {
  margin: 0.25rem;
}

.emotion-0 {
  width: 106px;
  height: 48px;
  -webkit-appearance: none;
  -moz-appearance: none;
  -ms-appearance: none;
  appearance: none;
  padding-left: 36px;
  padding-right: 36px;
  text-align: center;
  color: #000000;
  border: 1px solid hsla(0, 0%, 73%, 1);
  border-radius: 4px;
  background: transparent;
}

.emotion-0::-webkit-inner-spin-button {
  -webkit-appearance: none;
  margin: 0rem;
}

.emotion-0:hover {
  border: 1px solid hsla(0, 0%, 33%, 1);
}

.emotion-0:disabled {
  background: hsla(0, 0%, 90%, 1);
  color: hsla(0, 0%, 45%, 1);
  border: 1px solid hsla(0, 0%, 45%, 1);
}

.emotion-0:focus {
  outline: none;
  box-shadow: 0rem 0rem 0rem 0.125rem hsla(0, 0%, 87%, 1);
}

.emotion-0:focus:not([data-focus-visible-added]) {
  outline: none;
  box-shadow: none;
}

.emotion-10 {
  font-family: "VTEX Trust",-apple-system,system-ui,BlinkMacSystemFont,sans-serif;
  font-variation-settings: 'WGHT' 475;
  font-size: 0.75rem;
  line-height: 1.3333333333;
  letter-spacing: 0.001em;
  color: hsla(0, 0%, 33%, 1);
  margin-top: 0.5rem;
}

<div
    class="emotion-11"
  >
    <div
      class="emotion-9"
    >
      <input
        aria-label="numeric-stepper-1"
        class="emotion-0"
        max="10000000000"
        min="-10000000000"
        type="number"
        value="1"
      />
      <button
        aria-label="numeric-stepper-1-decrease-button"
        class="emotion-4"
        type="button"
      >
        <div
          class="emotion-3"
        >
          <div
            class="emotion-2"
          >
            <svg
              class="emotion-1"
              fill="currentColor"
              height="1.25rem"
              viewBox="0 0 256 256"
              width="1.25rem"
              xmlns="http://www.w3.org/2000/svg"
            >
              <rect
                fill="none"
                height="16rem"
                width="16rem"
              />
              <path
                d="M40 128.18H216"
                fill="none"
                stroke="currentColor"
                stroke-linecap="round"
                stroke-linejoin="round"
                stroke-width="18"
              />
            </svg>
             
          </div>
        </div>
      </button>
      <button
        aria-label="numeric-stepper-1-increase-button}"
        class="emotion-8"
        type="button"
      >
        <div
          class="emotion-3"
        >
          <div
            class="emotion-2"
          >
            <svg
              class="emotion-1"
              fill="currentColor"
              height="1.25rem"
              viewBox="0 0 256 256"
              width="1.25rem"
              xmlns="http://www.w3.org/2000/svg"
            >
              <rect
                fill="none"
                height="16rem"
                width="16rem"
              />
              <line
                fill="none"
                stroke="currentColor"
                stroke-linecap="round"
                stroke-linejoin="round"
                stroke-width="18"
                x1="40"
                x2="216"
                y1="128"
                y2="128"
              />
              <line
                fill="none"
                stroke="currentColor"
                stroke-linecap="round"
                stroke-linejoin="round"
                stroke-width="18"
                x1="128"
                x2="128"
                y1="40"
                y2="216"
              />
            </svg>
             
          </div>
        </div>
      </button>
    </div>
    <span
      class="emotion-10"
    >
      Helper Text
    </span>
  </div>
  .emotion-10 {
  width: 106px;
}

.emotion-9 {
  position: relative;
  display: -webkit-box;
  display: -webkit-flex;
  display: -ms-flexbox;
  display: flex;
  -webkit-align-items: center;
  -webkit-box-align: center;
  -ms-flex-align: center;
  align-items: center;
  height: 48px;
  width: 106px;
  padding-top: 12px;
  padding-bottom: 12px;
}

.emotion-4 {
  font-family: "VTEX Trust",-apple-system,system-ui,BlinkMacSystemFont,sans-serif;
  font-variation-settings: 'WGHT' 600;
  font-size: 0.875rem;
  line-height: 1.4285714286;
  letter-spacing: 0.0125em;
  border: none;
  border-radius: 4px;
  cursor: pointer;
  position: absolute;
  height: 40px;
  width: 32px;
  padding-left: 0.125rem;
  padding-right: 0.125rem;
  color: hsla(222, 63%, 43%, 1);
  background: transparent;
  left: 0.25rem;
}

.emotion-4:disabled {
  background: hsla(0, 0%, 90%, 1);
  color: hsla(0, 0%, 45%, 1);
}

.emotion-4:hover {
  color: hsla(222, 63%, 43%, 1);
  background: hsla(224, 65%, 97%, 1);
}

.emotion-4:active {
  color: hsla(222, 63%, 43%, 1);
  background: hsla(222, 62%, 92%, 1);
}

.emotion-4:focus:not([data-focus-visible-added]) {
  outline: none;
  box-shadow: none;
}

.emotion-4:focus {
  outline: none;
  box-shadow: 0rem 0rem 0rem 0.125rem hsla(222, 64%, 84%, 1);
}

.emotion-4 svg {
  margin: 0.25rem;
}

.emotion-3 {
  display: -webkit-box;
  display: -webkit-flex;
  display: -ms-flexbox;
  display: flex;
  height: 100%;
  width: 100%;
  margin: auto;
  -webkit-align-items: center;
  -webkit-box-align: center;
  -ms-flex-align: center;
  align-items: center;
  -webkit-box-pack: center;
  -ms-flex-pack: center;
  -webkit-justify-content: center;
  justify-content: center;
  font-family: "VTEX Trust",-apple-system,system-ui,BlinkMacSystemFont,sans-serif;
  font-variation-settings: 'WGHT' 600;
  font-size: 0.875rem;
  line-height: 1.4285714286;
  letter-spacing: 0.0125em;
}

.emotion-2 {
  font-family: "VTEX Trust",-apple-system,system-ui,BlinkMacSystemFont,sans-serif;
  font-variation-settings: 'WGHT' 600;
  font-size: 0.875rem;
  line-height: 1.4285714286;
  letter-spacing: 0.0125em;
  display: -webkit-box;
  display: -webkit-flex;
  display: -ms-flexbox;
  display: flex;
  -webkit-align-items: center;
  -webkit-box-align: center;
  -ms-flex-align: center;
  align-items: center;
  -webkit-box-pack: center;
  -ms-flex-pack: center;
  -webkit-justify-content: center;
  justify-content: center;
  visibility: visible;
  -webkit-flex-direction: row;
  -ms-flex-direction: row;
  flex-direction: row;
}

.emotion-1 {
  width: 1.25rem;
  height: 1.25rem;
  min-height: 1.25rem;
  min-width: 1.25rem;
}

.emotion-8 {
  font-family: "VTEX Trust",-apple-system,system-ui,BlinkMacSystemFont,sans-serif;
  font-variation-settings: 'WGHT' 600;
  font-size: 0.875rem;
  line-height: 1.4285714286;
  letter-spacing: 0.0125em;
  border: none;
  border-radius: 4px;
  cursor: pointer;
  position: absolute;
  height: 40px;
  width: 32px;
  padding-left: 0.125rem;
  padding-right: 0.125rem;
  color: hsla(222, 63%, 43%, 1);
  background: transparent;
  right: 0.25rem;
}

.emotion-8:disabled {
  background: hsla(0, 0%, 90%, 1);
  color: hsla(0, 0%, 45%, 1);
}

.emotion-8:hover {
  color: hsla(222, 63%, 43%, 1);
  background: hsla(224, 65%, 97%, 1);
}

.emotion-8:active {
  color: hsla(222, 63%, 43%, 1);
  background: hsla(222, 62%, 92%, 1);
}

.emotion-8:focus:not([data-focus-visible-added]) {
  outline: none;
  box-shadow: none;
}

.emotion-8:focus {
  outline: none;
  box-shadow: 0rem 0rem 0rem 0.125rem hsla(222, 64%, 84%, 1);
}

.emotion-8 svg {
  margin: 0.25rem;
}

.emotion-0 {
  width: 106px;
  height: 48px;
  -webkit-appearance: none;
  -moz-appearance: none;
  -ms-appearance: none;
  appearance: none;
  padding-left: 36px;
  padding-right: 36px;
  text-align: center;
  color: #000000;
  border: 1px solid hsla(0, 0%, 73%, 1);
  border-radius: 4px;
  background: transparent;
}

.emotion-0::-webkit-inner-spin-button {
  -webkit-appearance: none;
  margin: 0rem;
}

.emotion-0:hover {
  border: 1px solid hsla(0, 0%, 33%, 1);
}

.emotion-0:disabled {
  background: hsla(0, 0%, 90%, 1);
  color: hsla(0, 0%, 45%, 1);
  border: 1px solid hsla(0, 0%, 45%, 1);
}

.emotion-0:focus {
  outline: none;
  box-shadow: 0rem 0rem 0rem 0.125rem hsla(0, 0%, 87%, 1);
}

.emotion-0:focus:not([data-focus-visible-added]) {
  outline: none;
  box-shadow: none;
}

<div
    class="emotion-10"
  >
    <div
      class="emotion-9"
    >
      <input
        aria-disabled="true"
        aria-label="numeric-stepper-2"
        class="emotion-0"
        disabled=""
        max="10000000000"
        min="-10000000000"
        style="pointer-events: none;"
        type="number"
        value="9"
      />
      <button
        aria-disabled="true"
        aria-label="numeric-stepper-2-decrease-button"
        class="emotion-4"
        disabled=""
        style="pointer-events: none;"
        type="button"
      >
        <div
          class="emotion-3"
        >
          <div
            class="emotion-2"
          >
            <svg
              class="emotion-1"
              fill="currentColor"
              height="1.25rem"
              viewBox="0 0 256 256"
              width="1.25rem"
              xmlns="http://www.w3.org/2000/svg"
            >
              <rect
                fill="none"
                height="16rem"
                width="16rem"
              />
              <path
                d="M40 128.18H216"
                fill="none"
                stroke="currentColor"
                stroke-linecap="round"
                stroke-linejoin="round"
                stroke-width="18"
              />
            </svg>
             
          </div>
        </div>
      </button>
      <button
        aria-disabled="true"
        aria-label="numeric-stepper-2-increase-button}"
        class="emotion-8"
        disabled=""
        style="pointer-events: none;"
        type="button"
      >
        <div
          class="emotion-3"
        >
          <div
            class="emotion-2"
          >
            <svg
              class="emotion-1"
              fill="currentColor"
              height="1.25rem"
              viewBox="0 0 256 256"
              width="1.25rem"
              xmlns="http://www.w3.org/2000/svg"
            >
              <rect
                fill="none"
                height="16rem"
                width="16rem"
              />
              <line
                fill="none"
                stroke="currentColor"
                stroke-linecap="round"
                stroke-linejoin="round"
                stroke-width="18"
                x1="40"
                x2="216"
                y1="128"
                y2="128"
              />
              <line
                fill="none"
                stroke="currentColor"
                stroke-linecap="round"
                stroke-linejoin="round"
                stroke-width="18"
                x1="128"
                x2="128"
                y1="40"
                y2="216"
              />
            </svg>
             
          </div>
        </div>
      </button>
    </div>
  </div>
  .emotion-11 {
  width: 106px;
}

.emotion-9 {
  position: relative;
  display: -webkit-box;
  display: -webkit-flex;
  display: -ms-flexbox;
  display: flex;
  -webkit-align-items: center;
  -webkit-box-align: center;
  -ms-flex-align: center;
  align-items: center;
  height: 48px;
  width: 106px;
  padding-top: 12px;
  padding-bottom: 12px;
}

.emotion-4 {
  font-family: "VTEX Trust",-apple-system,system-ui,BlinkMacSystemFont,sans-serif;
  font-variation-settings: 'WGHT' 600;
  font-size: 0.875rem;
  line-height: 1.4285714286;
  letter-spacing: 0.0125em;
  border: none;
  border-radius: 4px;
  cursor: pointer;
  position: absolute;
  height: 40px;
  width: 32px;
  padding-left: 0.125rem;
  padding-right: 0.125rem;
  color: hsla(222, 63%, 43%, 1);
  background: transparent;
  left: 0.25rem;
}

.emotion-4:disabled {
  background: hsla(0, 0%, 90%, 1);
  color: hsla(0, 0%, 45%, 1);
}

.emotion-4:hover {
  color: hsla(222, 63%, 43%, 1);
  background: hsla(224, 65%, 97%, 1);
}

.emotion-4:active {
  color: hsla(222, 63%, 43%, 1);
  background: hsla(222, 62%, 92%, 1);
}

.emotion-4:focus:not([data-focus-visible-added]) {
  outline: none;
  box-shadow: none;
}

.emotion-4:focus {
  outline: none;
  box-shadow: 0rem 0rem 0rem 0.125rem hsla(222, 64%, 84%, 1);
}

.emotion-4 svg {
  margin: 0.25rem;
}

.emotion-3 {
  display: -webkit-box;
  display: -webkit-flex;
  display: -ms-flexbox;
  display: flex;
  height: 100%;
  width: 100%;
  margin: auto;
  -webkit-align-items: center;
  -webkit-box-align: center;
  -ms-flex-align: center;
  align-items: center;
  -webkit-box-pack: center;
  -ms-flex-pack: center;
  -webkit-justify-content: center;
  justify-content: center;
  font-family: "VTEX Trust",-apple-system,system-ui,BlinkMacSystemFont,sans-serif;
  font-variation-settings: 'WGHT' 600;
  font-size: 0.875rem;
  line-height: 1.4285714286;
  letter-spacing: 0.0125em;
}

.emotion-2 {
  font-family: "VTEX Trust",-apple-system,system-ui,BlinkMacSystemFont,sans-serif;
  font-variation-settings: 'WGHT' 600;
  font-size: 0.875rem;
  line-height: 1.4285714286;
  letter-spacing: 0.0125em;
  display: -webkit-box;
  display: -webkit-flex;
  display: -ms-flexbox;
  display: flex;
  -webkit-align-items: center;
  -webkit-box-align: center;
  -ms-flex-align: center;
  align-items: center;
  -webkit-box-pack: center;
  -ms-flex-pack: center;
  -webkit-justify-content: center;
  justify-content: center;
  visibility: visible;
  -webkit-flex-direction: row;
  -ms-flex-direction: row;
  flex-direction: row;
}

.emotion-1 {
  width: 1.25rem;
  height: 1.25rem;
  min-height: 1.25rem;
  min-width: 1.25rem;
}

.emotion-8 {
  font-family: "VTEX Trust",-apple-system,system-ui,BlinkMacSystemFont,sans-serif;
  font-variation-settings: 'WGHT' 600;
  font-size: 0.875rem;
  line-height: 1.4285714286;
  letter-spacing: 0.0125em;
  border: none;
  border-radius: 4px;
  cursor: pointer;
  position: absolute;
  height: 40px;
  width: 32px;
  padding-left: 0.125rem;
  padding-right: 0.125rem;
  color: hsla(222, 63%, 43%, 1);
  background: transparent;
  right: 0.25rem;
}

.emotion-8:disabled {
  background: hsla(0, 0%, 90%, 1);
  color: hsla(0, 0%, 45%, 1);
}

.emotion-8:hover {
  color: hsla(222, 63%, 43%, 1);
  background: hsla(224, 65%, 97%, 1);
}

.emotion-8:active {
  color: hsla(222, 63%, 43%, 1);
  background: hsla(222, 62%, 92%, 1);
}

.emotion-8:focus:not([data-focus-visible-added]) {
  outline: none;
  box-shadow: none;
}

.emotion-8:focus {
  outline: none;
  box-shadow: 0rem 0rem 0rem 0.125rem hsla(222, 64%, 84%, 1);
}

.emotion-8 svg {
  margin: 0.25rem;
}

.emotion-0 {
  width: 106px;
  height: 48px;
  -webkit-appearance: none;
  -moz-appearance: none;
  -ms-appearance: none;
  appearance: none;
  padding-left: 36px;
  padding-right: 36px;
  text-align: center;
  color: #000000;
  border: 1px solid hsla(0, 58%, 52%, 1);
  border-radius: 4px;
  background: transparent;
}

.emotion-0::-webkit-inner-spin-button {
  -webkit-appearance: none;
  margin: 0rem;
}

.emotion-0:hover {
  border: 1px solid hsla(0, 58%, 37%, 1);
}

.emotion-0:disabled {
  background: hsla(0, 0%, 90%, 1);
  color: hsla(0, 0%, 45%, 1);
  border: 1px solid hsla(0, 0%, 45%, 1);
}

.emotion-0:focus {
  outline: none;
  box-shadow: 0rem 0rem 0rem 0.125rem hsla(0, 59%, 83%, 1);
}

.emotion-0:focus:not([data-focus-visible-added]) {
  outline: none;
  box-shadow: none;
}

.emotion-10 {
  font-family: "VTEX Trust",-apple-system,system-ui,BlinkMacSystemFont,sans-serif;
  font-variation-settings: 'WGHT' 475;
  font-size: 0.75rem;
  line-height: 1.3333333333;
  letter-spacing: 0.001em;
  color: hsla(0, 58%, 52%, 1);
  margin-top: 0.5rem;
}

<div
    class="emotion-11"
  >
    <div
      class="emotion-9"
    >
      <input
        aria-label="numeric-stepper-3"
        class="emotion-0"
        max="10000000000"
        min="-10000000000"
        type="number"
        value="0"
      />
      <button
        aria-label="numeric-stepper-3-decrease-button"
        class="emotion-4"
        type="button"
      >
        <div
          class="emotion-3"
        >
          <div
            class="emotion-2"
          >
            <svg
              class="emotion-1"
              fill="currentColor"
              height="1.25rem"
              viewBox="0 0 256 256"
              width="1.25rem"
              xmlns="http://www.w3.org/2000/svg"
            >
              <rect
                fill="none"
                height="16rem"
                width="16rem"
              />
              <path
                d="M40 128.18H216"
                fill="none"
                stroke="currentColor"
                stroke-linecap="round"
                stroke-linejoin="round"
                stroke-width="18"
              />
            </svg>
             
          </div>
        </div>
      </button>
      <button
        aria-label="numeric-stepper-3-increase-button}"
        class="emotion-8"
        type="button"
      >
        <div
          class="emotion-3"
        >
          <div
            class="emotion-2"
          >
            <svg
              class="emotion-1"
              fill="currentColor"
              height="1.25rem"
              viewBox="0 0 256 256"
              width="1.25rem"
              xmlns="http://www.w3.org/2000/svg"
            >
              <rect
                fill="none"
                height="16rem"
                width="16rem"
              />
              <line
                fill="none"
                stroke="currentColor"
                stroke-linecap="round"
                stroke-linejoin="round"
                stroke-width="18"
                x1="40"
                x2="216"
                y1="128"
                y2="128"
              />
              <line
                fill="none"
                stroke="currentColor"
                stroke-linecap="round"
                stroke-linejoin="round"
                stroke-width="18"
                x1="128"
                x2="128"
                y1="40"
                y2="216"
              />
            </svg>
             
          </div>
        </div>
      </button>
    </div>
    <span
      class="emotion-10"
    >
      Minimum of 6
    </span>
  </div>
  .emotion-10 {
  width: 106px;
}

.emotion-9 {
  position: relative;
  display: -webkit-box;
  display: -webkit-flex;
  display: -ms-flexbox;
  display: flex;
  -webkit-align-items: center;
  -webkit-box-align: center;
  -ms-flex-align: center;
  align-items: center;
  height: 48px;
  width: 106px;
  padding-top: 12px;
  padding-bottom: 12px;
}

.emotion-4 {
  font-family: "VTEX Trust",-apple-system,system-ui,BlinkMacSystemFont,sans-serif;
  font-variation-settings: 'WGHT' 600;
  font-size: 0.875rem;
  line-height: 1.4285714286;
  letter-spacing: 0.0125em;
  border: none;
  border-radius: 4px;
  cursor: pointer;
  position: absolute;
  height: 40px;
  width: 32px;
  padding-left: 0.125rem;
  padding-right: 0.125rem;
  color: hsla(222, 63%, 43%, 1);
  background: transparent;
  left: 0.25rem;
}

.emotion-4:disabled {
  background: hsla(0, 0%, 90%, 1);
  color: hsla(0, 0%, 45%, 1);
}

.emotion-4:hover {
  color: hsla(222, 63%, 43%, 1);
  background: hsla(224, 65%, 97%, 1);
}

.emotion-4:active {
  color: hsla(222, 63%, 43%, 1);
  background: hsla(222, 62%, 92%, 1);
}

.emotion-4:focus:not([data-focus-visible-added]) {
  outline: none;
  box-shadow: none;
}

.emotion-4:focus {
  outline: none;
  box-shadow: 0rem 0rem 0rem 0.125rem hsla(222, 64%, 84%, 1);
}

.emotion-4 svg {
  margin: 0.25rem;
}

.emotion-3 {
  display: -webkit-box;
  display: -webkit-flex;
  display: -ms-flexbox;
  display: flex;
  height: 100%;
  width: 100%;
  margin: auto;
  -webkit-align-items: center;
  -webkit-box-align: center;
  -ms-flex-align: center;
  align-items: center;
  -webkit-box-pack: center;
  -ms-flex-pack: center;
  -webkit-justify-content: center;
  justify-content: center;
  font-family: "VTEX Trust",-apple-system,system-ui,BlinkMacSystemFont,sans-serif;
  font-variation-settings: 'WGHT' 600;
  font-size: 0.875rem;
  line-height: 1.4285714286;
  letter-spacing: 0.0125em;
}

.emotion-2 {
  font-family: "VTEX Trust",-apple-system,system-ui,BlinkMacSystemFont,sans-serif;
  font-variation-settings: 'WGHT' 600;
  font-size: 0.875rem;
  line-height: 1.4285714286;
  letter-spacing: 0.0125em;
  display: -webkit-box;
  display: -webkit-flex;
  display: -ms-flexbox;
  display: flex;
  -webkit-align-items: center;
  -webkit-box-align: center;
  -ms-flex-align: center;
  align-items: center;
  -webkit-box-pack: center;
  -ms-flex-pack: center;
  -webkit-justify-content: center;
  justify-content: center;
  visibility: visible;
  -webkit-flex-direction: row;
  -ms-flex-direction: row;
  flex-direction: row;
}

.emotion-1 {
  width: 1.25rem;
  height: 1.25rem;
  min-height: 1.25rem;
  min-width: 1.25rem;
}

.emotion-8 {
  font-family: "VTEX Trust",-apple-system,system-ui,BlinkMacSystemFont,sans-serif;
  font-variation-settings: 'WGHT' 600;
  font-size: 0.875rem;
  line-height: 1.4285714286;
  letter-spacing: 0.0125em;
  border: none;
  border-radius: 4px;
  cursor: pointer;
  position: absolute;
  height: 40px;
  width: 32px;
  padding-left: 0.125rem;
  padding-right: 0.125rem;
  color: hsla(222, 63%, 43%, 1);
  background: transparent;
  right: 0.25rem;
}

.emotion-8:disabled {
  background: hsla(0, 0%, 90%, 1);
  color: hsla(0, 0%, 45%, 1);
}

.emotion-8:hover {
  color: hsla(222, 63%, 43%, 1);
  background: hsla(224, 65%, 97%, 1);
}

.emotion-8:active {
  color: hsla(222, 63%, 43%, 1);
  background: hsla(222, 62%, 92%, 1);
}

.emotion-8:focus:not([data-focus-visible-added]) {
  outline: none;
  box-shadow: none;
}

.emotion-8:focus {
  outline: none;
  box-shadow: 0rem 0rem 0rem 0.125rem hsla(222, 64%, 84%, 1);
}

.emotion-8 svg {
  margin: 0.25rem;
}

.emotion-0 {
  width: 106px;
  height: 48px;
  -webkit-appearance: none;
  -moz-appearance: none;
  -ms-appearance: none;
  appearance: none;
  padding-left: 36px;
  padding-right: 36px;
  text-align: center;
  color: #000000;
  border: 1px solid hsla(0, 0%, 73%, 1);
  border-radius: 4px;
  background: transparent;
}

.emotion-0::-webkit-inner-spin-button {
  -webkit-appearance: none;
  margin: 0rem;
}

.emotion-0:hover {
  border: 1px solid hsla(0, 0%, 33%, 1);
}

.emotion-0:disabled {
  background: hsla(0, 0%, 90%, 1);
  color: hsla(0, 0%, 45%, 1);
  border: 1px solid hsla(0, 0%, 45%, 1);
}

.emotion-0:focus {
  outline: none;
  box-shadow: 0rem 0rem 0rem 0.125rem hsla(0, 0%, 87%, 1);
}

.emotion-0:focus:not([data-focus-visible-added]) {
  outline: none;
  box-shadow: none;
}

<div
    class="emotion-10"
  >
    <div
      class="emotion-9"
    >
      <input
        aria-label="numeric-stepper-4"
        class="emotion-0"
        max="50"
        min="0"
        type="number"
        value="0"
      />
      <button
        aria-disabled="true"
        aria-label="numeric-stepper-4-decrease-button"
        class="emotion-4"
        disabled=""
        style="pointer-events: none;"
        type="button"
      >
        <div
          class="emotion-3"
        >
          <div
            class="emotion-2"
          >
            <svg
              class="emotion-1"
              fill="currentColor"
              height="1.25rem"
              viewBox="0 0 256 256"
              width="1.25rem"
              xmlns="http://www.w3.org/2000/svg"
            >
              <rect
                fill="none"
                height="16rem"
                width="16rem"
              />
              <path
                d="M40 128.18H216"
                fill="none"
                stroke="currentColor"
                stroke-linecap="round"
                stroke-linejoin="round"
                stroke-width="18"
              />
            </svg>
             
          </div>
        </div>
      </button>
      <button
        aria-label="numeric-stepper-4-increase-button}"
        class="emotion-8"
        type="button"
      >
        <div
          class="emotion-3"
        >
          <div
            class="emotion-2"
          >
            <svg
              class="emotion-1"
              fill="currentColor"
              height="1.25rem"
              viewBox="0 0 256 256"
              width="1.25rem"
              xmlns="http://www.w3.org/2000/svg"
            >
              <rect
                fill="none"
                height="16rem"
                width="16rem"
              />
              <line
                fill="none"
                stroke="currentColor"
                stroke-linecap="round"
                stroke-linejoin="round"
                stroke-width="18"
                x1="40"
                x2="216"
                y1="128"
                y2="128"
              />
              <line
                fill="none"
                stroke="currentColor"
                stroke-linecap="round"
                stroke-linejoin="round"
                stroke-width="18"
                x1="128"
                x2="128"
                y1="40"
                y2="216"
              />
            </svg>
             
          </div>
        </div>
      </button>
    </div>
  </div>
</DocumentFragment>
`;
