// Jest Snapshot v1, https://goo.gl/fbAQLP

exports[`Picker should render correctly 1`] = `
<body
  style="padding-right: 1024px; overflow: hidden;"
>
  <div>
    <div
      aria-expanded="true"
      aria-haspopup="dialog"
      aria-label="picker base"
      aria-owns="dialog-1"
      class="emotion-0"
      id="selector-1"
      role="button"
    >
      <button
        aria-controls="picker-test"
        aria-expanded="true"
        aria-haspopup="dialog"
        class="emotion-0"
        tabindex="-1"
        type="button"
      >
        open
      </button>
    </div>
  </div>
  <div
    aria-hidden="true"
    class="__reakit-focus-trap"
    style="position: fixed;"
    tabindex="0"
  />
  <div
    class="__reakit-portal"
  >
    <div
      aria-label="picker base content"
      aria-modal="true"
      class="emotion-0"
      data-dialog="true"
      data-testid="testid-picker-dialog"
      id="dialog-1"
      role="dialog"
      style="position: fixed; left: 100%; top: 100%;"
      tabindex="-1"
    >
      <button>
        tabbable
      </button>
       Content
    </div>
  </div>
  <div
    aria-hidden="true"
    class="__reakit-focus-trap"
    style="position: fixed;"
    tabindex="0"
  />
</body>
`;
