// Jest Snapshot v1, https://goo.gl/fbAQLP

exports[`Radio tests should match snapshot with diferent sizes 1`] = `
<DocumentFragment>
  .emotion-0 {
  background: transparent;
  border: 1px solid hsla(0, 0%, 73%, 1);
  color: #000000;
  -webkit-appearance: none;
  -moz-appearance: none;
  -ms-appearance: none;
  appearance: none;
  position: relative;
  border-radius: 100%;
  cursor: pointer;
  display: -webkit-box;
  display: -webkit-flex;
  display: -ms-flexbox;
  display: flex;
  margin: 0rem;
  -webkit-align-items: center;
  -webkit-box-align: center;
  -ms-flex-align: center;
  align-items: center;
  -webkit-box-pack: center;
  -ms-flex-pack: center;
  -webkit-justify-content: center;
  justify-content: center;
  width: 1.25rem;
  height: 1.25rem;
  padding: 0.3rem;
}

.emotion-0:focus:not([data-focus-visible-added]) {
  outline: none;
  box-shadow: none;
}

.emotion-0:focus {
  outline: none;
  box-shadow: 0rem 0rem 0rem 0.125rem hsla(0, 0%, 87%, 1);
}

.emotion-0:disabled {
  background: hsla(0, 0%, 90%, 1);
  border: 1px solid hsla(0, 0%, 45%, 1);
  color: hsla(0, 0%, 45%, 1);
  cursor: not-allowed;
}

.emotion-0:hover {
  background: hsla(0, 0%, 90%, 1);
  border: 1px solid hsla(0, 0%, 33%, 1);
}

.emotion-0:active {
  background: hsla(0, 0%, 73%, 1);
  border: 1px solid hsla(0, 0%, 23%, 1);
}

.emotion-0:after {
  content: "";
  position: absolute;
  display: block;
  border-radius: 100%;
  top: 0.3rem;
  background: transparent;
  width: 0.5rem;
  height: 0.5rem;
}

.emotion-0:checked {
  background: #000000;
  color: #FFFFFF;
  border: 1px solid #000000;
  position: relative;
}

.emotion-0:checked:after {
  content: "";
  position: absolute;
  display: block;
  border-radius: 100%;
  top: 0.3rem;
  background: #FFFFFF;
}

.emotion-0:checked[disabled]:after {
  content: "";
  position: absolute;
  display: block;
  border-radius: 100%;
  top: 0.3rem;
  background: hsla(0, 0%, 45%, 1);
}

.emotion-0:checked:disabled {
  cursor: not-allowed;
  background: hsla(0, 0%, 90%, 1);
  border: 1px solid hsla(0, 0%, 45%, 1);
}

.emotion-0:checked:hover {
  background: hsla(0, 0%, 23%, 1);
  border: 1px solid hsla(0, 0%, 23%, 1);
}

.emotion-0:checked:active {
  background: hsla(0, 0%, 33%, 1);
  border: 1px solid hsla(0, 0%, 33%, 1);
}

<input
    aria-checked="false"
    aria-label="radio"
    class="emotion-0"
    id="id-1"
    name="id"
    tabindex="0"
    type="radio"
    value="radio"
  />
  .emotion-0 {
  background: transparent;
  border: 1px solid hsla(0, 0%, 73%, 1);
  color: #000000;
  -webkit-appearance: none;
  -moz-appearance: none;
  -ms-appearance: none;
  appearance: none;
  position: relative;
  border-radius: 100%;
  cursor: pointer;
  display: -webkit-box;
  display: -webkit-flex;
  display: -ms-flexbox;
  display: flex;
  margin: 0rem;
  -webkit-align-items: center;
  -webkit-box-align: center;
  -ms-flex-align: center;
  align-items: center;
  -webkit-box-pack: center;
  -ms-flex-pack: center;
  -webkit-justify-content: center;
  justify-content: center;
  width: 1rem;
  height: 1rem;
  padding: 0.25rem;
}

.emotion-0:focus:not([data-focus-visible-added]) {
  outline: none;
  box-shadow: none;
}

.emotion-0:focus {
  outline: none;
  box-shadow: 0rem 0rem 0rem 0.125rem hsla(0, 0%, 87%, 1);
}

.emotion-0:disabled {
  background: hsla(0, 0%, 90%, 1);
  border: 1px solid hsla(0, 0%, 45%, 1);
  color: hsla(0, 0%, 45%, 1);
  cursor: not-allowed;
}

.emotion-0:hover {
  background: hsla(0, 0%, 90%, 1);
  border: 1px solid hsla(0, 0%, 33%, 1);
}

.emotion-0:active {
  background: hsla(0, 0%, 73%, 1);
  border: 1px solid hsla(0, 0%, 23%, 1);
}

.emotion-0:after {
  content: "";
  position: absolute;
  display: block;
  border-radius: 100%;
  top: 0.3rem;
  background: transparent;
  width: 0.375rem;
  height: 0.375rem;
}

.emotion-0:checked {
  background: #000000;
  color: #FFFFFF;
  border: 1px solid #000000;
  position: relative;
}

.emotion-0:checked:after {
  content: "";
  position: absolute;
  display: block;
  border-radius: 100%;
  top: 0.3rem;
  background: #FFFFFF;
}

.emotion-0:checked[disabled]:after {
  content: "";
  position: absolute;
  display: block;
  border-radius: 100%;
  top: 0.3rem;
  background: hsla(0, 0%, 45%, 1);
}

.emotion-0:checked:disabled {
  cursor: not-allowed;
  background: hsla(0, 0%, 90%, 1);
  border: 1px solid hsla(0, 0%, 45%, 1);
}

.emotion-0:checked:hover {
  background: hsla(0, 0%, 23%, 1);
  border: 1px solid hsla(0, 0%, 23%, 1);
}

.emotion-0:checked:active {
  background: hsla(0, 0%, 33%, 1);
  border: 1px solid hsla(0, 0%, 33%, 1);
}

<input
    aria-checked="false"
    aria-label="radio"
    class="emotion-0"
    id="id-1"
    name="id"
    tabindex="0"
    type="radio"
    value="radio"
  />
</DocumentFragment>
`;
