// Jest Snapshot v1, https://goo.gl/fbAQLP

exports[`Select should match the snapshot 1`] = `
<DocumentFragment>
  .emotion-4 {
  position: relative;
  display: -webkit-box;
  display: -webkit-flex;
  display: -ms-flexbox;
  display: flex;
  -webkit-box-pack: start;
  -ms-flex-pack: start;
  -webkit-justify-content: flex-start;
  justify-content: flex-start;
  -webkit-flex-direction: column;
  -ms-flex-direction: column;
  flex-direction: column;
}

.emotion-4 input:focus+label,
.emotion-4 textarea:focus+label {
  -webkit-transform: translate(1px, 4px) scale(0.875);
  -moz-transform: translate(1px, 4px) scale(0.875);
  -ms-transform: translate(1px, 4px) scale(0.875);
  transform: translate(1px, 4px) scale(0.875);
}

.emotion-4 input:placeholder-shown:not(:focus)+label,
.emotion-4 textarea:placeholder-shown:not(:focus)+label {
  padding-top: 0.25rem;
}

.emotion-4 input:not(:placeholder-shown)+label,
.emotion-4 textarea:not(:placeholder-shown)+label {
  -webkit-transform: translate(1px, 4px) scale(0.875);
  -moz-transform: translate(1px, 4px) scale(0.875);
  -ms-transform: translate(1px, 4px) scale(0.875);
  transform: translate(1px, 4px) scale(0.875);
}

.emotion-0 {
  font-family: "VTEX Trust",-apple-system,system-ui,BlinkMacSystemFont,sans-serif;
  font-variation-settings: 'WGHT' 475;
  font-size: 0.75rem;
  line-height: 1.5;
  letter-spacing: 0.001em;
  position: absolute;
  top: 0.5rem;
  padding-left: 0.75rem;
  color: hsla(0, 0%, 33%, 1);
  z-index: 2;
  -webkit-transition: all 0.2s ease-out;
  transition: all 0.2s ease-out;
}

.emotion-2 {
  width: 1rem;
  height: 1rem;
  min-height: 1rem;
  min-width: 1rem;
  position: absolute;
  right: 12px;
  top: 25%;
  color: hsla(0, 0%, 33%, 1);
}

.emotion-3 {
  position: relative;
  width: 288px;
  height: 48px;
}

.emotion-1 {
  font-family: "VTEX Trust",-apple-system,system-ui,BlinkMacSystemFont,sans-serif;
  font-variation-settings: 'WGHT' 475;
  font-size: 0.875rem;
  line-height: 1.4285714286;
  letter-spacing: -0.0009em;
  outline: none;
  -webkit-appearance: none;
  -moz-appearance: none;
  -ms-appearance: none;
  appearance: none;
  padding-top: 1.125rem;
  padding-left: 0.75rem;
  width: 100%;
  height: 100%;
  border-radius: 4px;
  color: #000000;
  background: transparent;
  border: 1px solid hsla(0, 0%, 73%, 1);
}

.emotion-1:disabled {
  background: hsla(0, 0%, 90%, 1);
  border: 1px solid hsla(0, 0%, 45%, 1);
  color: hsla(0, 0%, 45%, 1);
}

.emotion-1:focus {
  border: 1px solid hsla(0, 0%, 23%, 1);
  box-shadow: 0rem 0rem 0rem 0.125rem hsla(0, 0%, 87%, 1);
}

<div
    class="emotion-4"
  >
    <div
      class="emotion-3"
    >
      <label
        class="emotion-0"
      >
        Select
      </label>
      <select
        class="emotion-1"
      >
        <option
          value="option-1"
        >
          Option 1
        </option>
        <option
          value="option-2"
        >
          Option 2
        </option>
      </select>
      <svg
        class="emotion-2"
        fill="currentColor"
        height="1rem"
        viewBox="0 0 256 256"
        width="1rem"
        xmlns="http://www.w3.org/2000/svg"
      >
        <rect
          fill="none"
          height="16rem"
          width="16rem"
        />
        <polyline
          fill="none"
          points="208 96 128 176 48 96"
          stroke="currentColor"
          stroke-linecap="round"
          stroke-linejoin="round"
          stroke-width="18"
        />
      </svg>
    </div>
  </div>
</DocumentFragment>
`;
