// Jest Snapshot v1, https://goo.gl/fbAQLP

exports[`RadioGroup tests should match snapshot with diferent orientations 1`] = `
<DocumentFragment>
  .emotion-0 {
  background: transparent;
  border: 1px solid hsla(0, 0%, 73%, 1);
  color: #000000;
  -webkit-appearance: none;
  -moz-appearance: none;
  -ms-appearance: none;
  appearance: none;
  position: relative;
  border-radius: 100%;
  cursor: pointer;
  display: -webkit-box;
  display: -webkit-flex;
  display: -ms-flexbox;
  display: flex;
  margin: 0rem;
  -webkit-align-items: center;
  -webkit-box-align: center;
  -ms-flex-align: center;
  align-items: center;
  -webkit-box-pack: center;
  -ms-flex-pack: center;
  -webkit-justify-content: center;
  justify-content: center;
  width: 1.25rem;
  height: 1.25rem;
  padding: 0.3rem;
}

.emotion-0:focus:not([data-focus-visible-added]) {
  outline: none;
  box-shadow: none;
}

.emotion-0:focus {
  outline: none;
  box-shadow: 0rem 0rem 0rem 0.125rem hsla(0, 0%, 87%, 1);
}

.emotion-0:disabled {
  background: hsla(0, 0%, 90%, 1);
  border: 1px solid hsla(0, 0%, 45%, 1);
  color: hsla(0, 0%, 45%, 1);
  cursor: not-allowed;
}

.emotion-0:hover {
  background: hsla(0, 0%, 90%, 1);
  border: 1px solid hsla(0, 0%, 33%, 1);
}

.emotion-0:active {
  background: hsla(0, 0%, 73%, 1);
  border: 1px solid hsla(0, 0%, 23%, 1);
}

.emotion-0:after {
  content: "";
  position: absolute;
  display: block;
  border-radius: 100%;
  top: 0.3rem;
  background: transparent;
  width: 0.5rem;
  height: 0.5rem;
}

.emotion-0:checked {
  background: #000000;
  color: #FFFFFF;
  border: 1px solid #000000;
  position: relative;
}

.emotion-0:checked:after {
  content: "";
  position: absolute;
  display: block;
  border-radius: 100%;
  top: 0.3rem;
  background: #FFFFFF;
}

.emotion-0:checked[disabled]:after {
  content: "";
  position: absolute;
  display: block;
  border-radius: 100%;
  top: 0.3rem;
  background: hsla(0, 0%, 45%, 1);
}

.emotion-0:checked:disabled {
  cursor: not-allowed;
  background: hsla(0, 0%, 90%, 1);
  border: 1px solid hsla(0, 0%, 45%, 1);
}

.emotion-0:checked:hover {
  background: hsla(0, 0%, 23%, 1);
  border: 1px solid hsla(0, 0%, 23%, 1);
}

.emotion-0:checked:active {
  background: hsla(0, 0%, 33%, 1);
  border: 1px solid hsla(0, 0%, 33%, 1);
}

.emotion-3 {
  font-family: "VTEX Trust",-apple-system,system-ui,BlinkMacSystemFont,sans-serif;
  font-variation-settings: 'WGHT' 475;
  font-size: 0.875rem;
  line-height: 1.4285714286;
  letter-spacing: -0.0009em;
  margin-top: 0.75rem;
  margin-bottom: 1.5rem;
  display: -webkit-box;
  display: -webkit-flex;
  display: -ms-flexbox;
  display: flex;
  -webkit-align-items: flex-start;
  -webkit-box-align: flex-start;
  -ms-flex-align: flex-start;
  align-items: flex-start;
  -webkit-flex-direction: row;
  -ms-flex-direction: row;
  flex-direction: row;
}

.emotion-3>label>input {
  margin-right: 0.5rem;
  margin-left: 0rem;
}

.emotion-3>label {
  cursor: pointer;
  display: -webkit-box;
  display: -webkit-flex;
  display: -ms-flexbox;
  display: flex;
  -webkit-align-items: center;
  -webkit-box-align: center;
  -ms-flex-align: center;
  align-items: center;
}

.emotion-3 label:not(:last-child) {
  margin-right: 1.5rem;
}

<div
    aria-label="fruits-group"
    class="emotion-3"
    data-testid="radio-group"
    id="radio-group-id"
    role="radiogroup"
  >
    <input
      aria-checked="false"
      class="emotion-0"
      id="id-1"
      name="id"
      tabindex="0"
      type="radio"
      value="Apple"
    />
    <input
      aria-checked="false"
      class="emotion-0"
      id="id-2"
      name="id"
      tabindex="-1"
      type="radio"
      value="Watermelon"
    />
    <input
      aria-checked="false"
      class="emotion-0"
      id="id-3"
      name="id"
      tabindex="-1"
      type="radio"
      value="Orange"
    />
  </div>
  .emotion-0 {
  background: transparent;
  border: 1px solid hsla(0, 0%, 73%, 1);
  color: #000000;
  -webkit-appearance: none;
  -moz-appearance: none;
  -ms-appearance: none;
  appearance: none;
  position: relative;
  border-radius: 100%;
  cursor: pointer;
  display: -webkit-box;
  display: -webkit-flex;
  display: -ms-flexbox;
  display: flex;
  margin: 0rem;
  -webkit-align-items: center;
  -webkit-box-align: center;
  -ms-flex-align: center;
  align-items: center;
  -webkit-box-pack: center;
  -ms-flex-pack: center;
  -webkit-justify-content: center;
  justify-content: center;
  width: 1.25rem;
  height: 1.25rem;
  padding: 0.3rem;
}

.emotion-0:focus:not([data-focus-visible-added]) {
  outline: none;
  box-shadow: none;
}

.emotion-0:focus {
  outline: none;
  box-shadow: 0rem 0rem 0rem 0.125rem hsla(0, 0%, 87%, 1);
}

.emotion-0:disabled {
  background: hsla(0, 0%, 90%, 1);
  border: 1px solid hsla(0, 0%, 45%, 1);
  color: hsla(0, 0%, 45%, 1);
  cursor: not-allowed;
}

.emotion-0:hover {
  background: hsla(0, 0%, 90%, 1);
  border: 1px solid hsla(0, 0%, 33%, 1);
}

.emotion-0:active {
  background: hsla(0, 0%, 73%, 1);
  border: 1px solid hsla(0, 0%, 23%, 1);
}

.emotion-0:after {
  content: "";
  position: absolute;
  display: block;
  border-radius: 100%;
  top: 0.3rem;
  background: transparent;
  width: 0.5rem;
  height: 0.5rem;
}

.emotion-0:checked {
  background: #000000;
  color: #FFFFFF;
  border: 1px solid #000000;
  position: relative;
}

.emotion-0:checked:after {
  content: "";
  position: absolute;
  display: block;
  border-radius: 100%;
  top: 0.3rem;
  background: #FFFFFF;
}

.emotion-0:checked[disabled]:after {
  content: "";
  position: absolute;
  display: block;
  border-radius: 100%;
  top: 0.3rem;
  background: hsla(0, 0%, 45%, 1);
}

.emotion-0:checked:disabled {
  cursor: not-allowed;
  background: hsla(0, 0%, 90%, 1);
  border: 1px solid hsla(0, 0%, 45%, 1);
}

.emotion-0:checked:hover {
  background: hsla(0, 0%, 23%, 1);
  border: 1px solid hsla(0, 0%, 23%, 1);
}

.emotion-0:checked:active {
  background: hsla(0, 0%, 33%, 1);
  border: 1px solid hsla(0, 0%, 33%, 1);
}

.emotion-3 {
  font-family: "VTEX Trust",-apple-system,system-ui,BlinkMacSystemFont,sans-serif;
  font-variation-settings: 'WGHT' 475;
  font-size: 0.875rem;
  line-height: 1.4285714286;
  letter-spacing: -0.0009em;
  margin-top: 0.75rem;
  margin-bottom: 1.5rem;
  display: -webkit-box;
  display: -webkit-flex;
  display: -ms-flexbox;
  display: flex;
  -webkit-align-items: flex-start;
  -webkit-box-align: flex-start;
  -ms-flex-align: flex-start;
  align-items: flex-start;
  -webkit-flex-direction: column;
  -ms-flex-direction: column;
  flex-direction: column;
}

.emotion-3>label>input {
  margin-right: 0.5rem;
  margin-left: 0rem;
}

.emotion-3>label {
  cursor: pointer;
  display: -webkit-box;
  display: -webkit-flex;
  display: -ms-flexbox;
  display: flex;
  -webkit-align-items: center;
  -webkit-box-align: center;
  -ms-flex-align: center;
  align-items: center;
}

.emotion-3 label:not(:last-child) {
  margin-bottom: 1rem;
}

<div
    aria-label="fruits-group"
    class="emotion-3"
    data-testid="radio-group"
    id="radio-group-id"
    role="radiogroup"
  >
    <input
      aria-checked="false"
      class="emotion-0"
      id="id-1"
      name="id"
      tabindex="0"
      type="radio"
      value="Apple"
    />
    <input
      aria-checked="false"
      class="emotion-0"
      id="id-2"
      name="id"
      tabindex="-1"
      type="radio"
      value="Watermelon"
    />
    <input
      aria-checked="false"
      class="emotion-0"
      id="id-3"
      name="id"
      tabindex="-1"
      type="radio"
      value="Orange"
    />
  </div>
</DocumentFragment>
`;
