// Jest Snapshot v1, https://goo.gl/fbAQLP

exports[`FormControl should match snapshot 1`] = `
<DocumentFragment>
  .emotion-5 {
  display: -webkit-box;
  display: -webkit-flex;
  display: -ms-flexbox;
  display: flex;
  -webkit-flex-direction: column;
  -ms-flex-direction: column;
  flex-direction: column;
  -webkit-align-items: start;
  -webkit-box-align: start;
  -ms-flex-align: start;
  align-items: start;
  -webkit-box-pack: unset;
  -ms-flex-pack: unset;
  -webkit-justify-content: unset;
  justify-content: unset;
}

.emotion-5 >*:not(:first-child) {
  margin-top: 0.25rem;
}

.emotion-0 {
  color: #545454;
  font-family: "VTEX Trust",-apple-system,system-ui,BlinkMacSystemFont,sans-serif;
  font-variation-settings: 'WGHT' 400;
  font-size: 0.875rem;
  line-height: 1.4285714286;
  letter-spacing: 0.002em;
}

.emotion-4 {
  display: -webkit-box;
  display: -webkit-flex;
  display: -ms-flexbox;
  display: flex;
  -webkit-box-flex-wrap: wrap;
  -webkit-flex-wrap: wrap;
  -ms-flex-wrap: wrap;
  flex-wrap: wrap;
  -webkit-align-items: start;
  -webkit-box-align: start;
  -ms-flex-align: start;
  align-items: start;
}

.emotion-4 >* {
  margin-left: 0.5rem;
}

.emotion-1 {
  display: -webkit-box;
  display: -webkit-flex;
  display: -ms-flexbox;
  display: flex;
  -webkit-align-items: center;
  -webkit-box-align: center;
  -ms-flex-align: center;
  align-items: center;
  -webkit-box-pack: center;
  -ms-flex-pack: center;
  -webkit-justify-content: center;
  justify-content: center;
  width: 1.25rem;
  height: 1.25rem;
  background: form.control;
  border: 1px solid #B9B9B9;
  -webkit-appearance: none;
  -moz-appearance: none;
  -ms-appearance: none;
  appearance: none;
  border-radius: 4px;
  cursor: pointer;
  margin: 0rem;
  box-sizing: border-box;
}

.emotion-1:focus {
  outline: none;
  box-shadow: 0rem 0rem 0rem 0.0625rem #F4F4F4,0rem 0rem 0rem 0.1875rem #B9B9B9;
}

.emotion-1:focus:not([data-focus-visible-added]) {
  outline: none;
  box-shadow: none;
}

.emotion-1:hover:not(:disabled) {
  border: 1px solid #545454;
}

.emotion-1:focus-visible {
  outline: none;
  border: 1px solid #545454;
}

.emotion-1:disabled {
  background: #E6E6E6;
  border: 1px solid #747474;
  color: #747474;
  cursor: not-allowed;
}

.emotion-1:disabled +div label {
  color: #747474;
  cursor: not-allowed;
}

.emotion-1:checked {
  background-color: #2953B2;
  border: 1px solid #2953B2;
  position: relative;
}

.emotion-1:checked:focus {
  outline: none;
  box-shadow: 0rem 0rem 0rem 0.0625rem #F1F4FC,0rem 0rem 0rem 0.1875rem #96B2F2;
}

.emotion-1:checked:focus:not([data-focus-visible-added]) {
  outline: none;
  box-shadow: none;
}

.emotion-1:checked:hover {
  background: #20408C;
  border: 1px solid #20408C;
}

.emotion-1:checked:focus-visible {
  outline: none;
  background: #20408C;
  border: 1px solid #20408C;
}

.emotion-1:checked:after {
  content: url('data:image/svg+xml; utf8, <svg width="16" height="16" viewBox="0 0 16 16" fill="none" xmlns="http://www.w3.org/2000/svg"><path fill-rule="evenodd" clip-rule="evenodd" d="M14.0303 3.96993C14.3232 4.26283 14.3232 4.7377 14.0303 5.03059L7.03032 12.0303C6.73743 12.3231 6.26259 12.3232 5.96969 12.0303L2.46969 8.5306C2.17679 8.23772 2.17677 7.76284 2.46965 7.46994C2.76253 7.17703 3.2374 7.17701 3.53031 7.46989L6.49999 10.4393L12.9697 3.9699C13.2626 3.67702 13.7375 3.67703 14.0303 3.96993Z" fill="%23FFFFFF"/></svg>');
  position: absolute;
  height: 1rem;
}

.emotion-1:checked[disabled]:after {
  content: url('data:image/svg+xml; utf8, <svg width="16" height="16" viewBox="0 0 16 16" fill="none" xmlns="http://www.w3.org/2000/svg"><path fill-rule="evenodd" clip-rule="evenodd" d="M14.0303 3.96993C14.3232 4.26283 14.3232 4.7377 14.0303 5.03059L7.03032 12.0303C6.73743 12.3231 6.26259 12.3232 5.96969 12.0303L2.46969 8.5306C2.17679 8.23772 2.17677 7.76284 2.46965 7.46994C2.76253 7.17703 3.2374 7.17701 3.53031 7.46989L6.49999 10.4393L12.9697 3.9699C13.2626 3.67702 13.7375 3.67703 14.0303 3.96993Z" fill="%23747474"/></svg>');
}

.emotion-1:checked:disabled {
  background: #E6E6E6;
  border: 1px solid #747474;
  color: #747474;
  cursor: not-allowed;
}

.emotion-1:checked:disabled +div label {
  color: #747474;
  cursor: not-allowed;
}



.emotion-1:indeterminate:after {
  content: url('data:image/svg+xml; utf8, <svg width="16" height="16" viewBox="0 0 16 16" fill="none" xmlns="http://www.w3.org/2000/svg"><path fill-rule="evenodd" clip-rule="evenodd" d="M1.75 8C1.75 7.58579 2.08579 7.25 2.5 7.25H13.5C13.9142 7.25 14.25 7.58579 14.25 8C14.25 8.41421 13.9142 8.75 13.5 8.75H2.5C2.08579 8.75 1.75 8.41421 1.75 8Z" fill="%23000000"/></svg>');
  position: absolute;
  height: 1rem;
}

.emotion-1:indeterminate[disabled]:after {
  content: url('data:image/svg+xml; utf8, <svg width="16" height="16" viewBox="0 0 16 16" fill="none" xmlns="http://www.w3.org/2000/svg"><path fill-rule="evenodd" clip-rule="evenodd" d="M1.75 8C1.75 7.58579 2.08579 7.25 2.5 7.25H13.5C13.9142 7.25 14.25 7.58579 14.25 8C14.25 8.41421 13.9142 8.75 13.5 8.75H2.5C2.08579 8.75 1.75 8.41421 1.75 8Z" fill="%23747474"/></svg>');
}

.emotion-3 {
  display: -webkit-box;
  display: -webkit-flex;
  display: -ms-flexbox;
  display: flex;
  -webkit-flex-direction: column;
  -ms-flex-direction: column;
  flex-direction: column;
  -webkit-align-items: start;
  -webkit-box-align: start;
  -ms-flex-align: start;
  align-items: start;
  -webkit-box-pack: unset;
  -ms-flex-pack: unset;
  -webkit-justify-content: unset;
  justify-content: unset;
}

.emotion-3 >*:not(:first-child) {
  margin-top: 0.125rem;
}

.emotion-2 {
  font-family: "VTEX Trust",-apple-system,system-ui,BlinkMacSystemFont,sans-serif;
  font-variation-settings: 'WGHT' 400;
  font-size: 0.875rem;
  line-height: 1.4285714286;
  letter-spacing: 0.002em;
  cursor: pointer;
}

.emotion-13 {
  display: -webkit-box;
  display: -webkit-flex;
  display: -ms-flexbox;
  display: flex;
  -webkit-flex-direction: column;
  -ms-flex-direction: column;
  flex-direction: column;
  -webkit-align-items: start;
  -webkit-box-align: start;
  -ms-flex-align: start;
  align-items: start;
  -webkit-box-pack: unset;
  -ms-flex-pack: unset;
  -webkit-justify-content: unset;
  justify-content: unset;
}

.emotion-13 >*:not(:first-child) {
  margin-top: 0rem;
}

.emotion-11 {
  font-family: "VTEX Trust",-apple-system,system-ui,BlinkMacSystemFont,sans-serif;
  font-variation-settings: 'WGHT' 400;
  font-size: 0.75rem;
  line-height: 1.3333333333;
  letter-spacing: 0.004em;
  color: #545454;
}

.emotion-12 {
  font-family: "VTEX Trust",-apple-system,system-ui,BlinkMacSystemFont,sans-serif;
  font-variation-settings: 'WGHT' 400;
  font-size: 0.75rem;
  line-height: 1.3333333333;
  letter-spacing: 0.004em;
  color: #CC3D3D;
}

<div
    class="emotion-5"
  >
    <label
      class="emotion-0"
    >
      Group Label (optional)
    </label>
    <div
      class="emotion-5"
    >
      <div
        class="emotion-4"
      >
        <input
          aria-checked="false"
          class="emotion-1"
          data-command=""
          id="checkbox1"
          type="checkbox"
        />
        <div
          class="emotion-3"
        >
          <label
            class="emotion-2"
            for="checkbox1"
          >
            Checkbox 1
          </label>
        </div>
      </div>
    </div>
    <div
      class="emotion-5"
    >
      <div
        class="emotion-4"
      >
        <input
          aria-checked="false"
          class="emotion-1"
          data-command=""
          id="checkbox2"
          type="checkbox"
        />
        <div
          class="emotion-3"
        >
          <label
            class="emotion-2"
            for="checkbox2"
          >
            Checkbox 2
          </label>
        </div>
      </div>
    </div>
    <div
      class="emotion-13"
    >
      <span
        class="emotion-11"
      >
        Help Text
      </span>
      <span
        class="emotion-12"
        role="alert"
      >
        Error Text
      </span>
    </div>
  </div>
</DocumentFragment>
`;
