// Jest Snapshot v1, https://goo.gl/fbAQLP

exports[`TextArea tests should match snapshot 1`] = `
<DocumentFragment>
  .emotion-4 {
  position: relative;
  display: -webkit-box;
  display: -webkit-flex;
  display: -ms-flexbox;
  display: flex;
  -webkit-box-pack: start;
  -ms-flex-pack: start;
  -webkit-justify-content: flex-start;
  justify-content: flex-start;
  -webkit-flex-direction: column;
  -ms-flex-direction: column;
  flex-direction: column;
  width: 100%;
}

.emotion-4 input:focus+label,
.emotion-4 textarea:focus+label {
  -webkit-transform: translate(1px, 4px) scale(0.875);
  -moz-transform: translate(1px, 4px) scale(0.875);
  -ms-transform: translate(1px, 4px) scale(0.875);
  transform: translate(1px, 4px) scale(0.875);
}

.emotion-4 input:placeholder-shown:not(:focus)+label,
.emotion-4 textarea:placeholder-shown:not(:focus)+label {
  padding-top: 0.25rem;
}

.emotion-4 input:not(:placeholder-shown)+label,
.emotion-4 textarea:not(:placeholder-shown)+label {
  -webkit-transform: translate(1px, 4px) scale(0.875);
  -moz-transform: translate(1px, 4px) scale(0.875);
  -ms-transform: translate(1px, 4px) scale(0.875);
  transform: translate(1px, 4px) scale(0.875);
}

.emotion-1 {
  font-family: "VTEX Trust",-apple-system,system-ui,BlinkMacSystemFont,sans-serif;
  font-variation-settings: 'WGHT' 400;
  font-size: 0.875rem;
  line-height: 1.4285714286;
  letter-spacing: 0.002em;
  left: 12px;
  padding-top: 0.5rem;
  color: #545454;
  margin-bottom: 0.75rem;
  position: absolute;
  -webkit-transform: translate(0, 16px) scale(1);
  -moz-transform: translate(0, 16px) scale(1);
  -ms-transform: translate(0, 16px) scale(1);
  transform: translate(0, 16px) scale(1);
  transform-origin: top left;
  -webkit-transition: all 0.2s ease-out;
  transition: all 0.2s ease-out;
}

.emotion-3 {
  display: -webkit-box;
  display: -webkit-flex;
  display: -ms-flexbox;
  display: flex;
  -webkit-box-pack: justify;
  -webkit-justify-content: space-between;
  justify-content: space-between;
  padding-top: 0.25rem;
}

.emotion-2 {
  font-family: "VTEX Trust",-apple-system,system-ui,BlinkMacSystemFont,sans-serif;
  font-variation-settings: 'WGHT' 400;
  font-size: 0.75rem;
  line-height: 1.3333333333;
  letter-spacing: 0.004em;
  color: #545454;
}

.emotion-0 {
  font-family: "VTEX Trust",-apple-system,system-ui,BlinkMacSystemFont,sans-serif;
  font-variation-settings: 'WGHT' 400;
  font-size: 0.875rem;
  line-height: 1.4285714286;
  letter-spacing: 0.002em;
  padding-top: 24px;
  height: 100px;
  resize: none;
  width: 100%;
  padding-left: 0.75rem;
  padding-right: 1rem;
  border-radius: 4px;
  margin-top: 0.25rem;
  margin-bottom: 0.25rem;
  outline: 0;
  -webkit-transition: all 70ms cubic-bezier(0.2, 0.2, 0.38, 0.9);
  transition: all 70ms cubic-bezier(0.2, 0.2, 0.38, 0.9);
  color: #000000;
  background: transparent;
  border: 1px solid #B9B9B9;
}

.emotion-0:disabled {
  background: #E6E6E6;
  color: #747474;
  border: 1px solid #747474;
}

.emotion-0:not(:focus):hover {
  border: 1px solid #545454;
}

.emotion-0:focus {
  outline: none;
  box-shadow: 0rem 0rem 0rem 0.0625rem #F4F4F4,0rem 0rem 0rem 0.1875rem #B9B9B9;
}

.emotion-0:focus:not([data-focus-visible-added]) {
  outline: none;
  box-shadow: none;
}

<div
    class="emotion-4"
  >
    <textarea
      class="emotion-0"
      id="text-area-1"
      placeholder=" "
    />
    <label
      class="emotion-1"
      for="text-area-1"
    >
      Label
    </label>
    <div
      class="emotion-3"
    >
      <span
        class="emotion-2"
      >
        Helper Text
      </span>
    </div>
  </div>
  .emotion-4 {
  position: relative;
  display: -webkit-box;
  display: -webkit-flex;
  display: -ms-flexbox;
  display: flex;
  -webkit-box-pack: start;
  -ms-flex-pack: start;
  -webkit-justify-content: flex-start;
  justify-content: flex-start;
  -webkit-flex-direction: column;
  -ms-flex-direction: column;
  flex-direction: column;
  width: 100%;
}

.emotion-4 input:focus+label,
.emotion-4 textarea:focus+label {
  -webkit-transform: translate(1px, 4px) scale(0.875);
  -moz-transform: translate(1px, 4px) scale(0.875);
  -ms-transform: translate(1px, 4px) scale(0.875);
  transform: translate(1px, 4px) scale(0.875);
}

.emotion-4 input:placeholder-shown:not(:focus)+label,
.emotion-4 textarea:placeholder-shown:not(:focus)+label {
  padding-top: 0.25rem;
}

.emotion-4 input:not(:placeholder-shown)+label,
.emotion-4 textarea:not(:placeholder-shown)+label {
  -webkit-transform: translate(1px, 4px) scale(0.875);
  -moz-transform: translate(1px, 4px) scale(0.875);
  -ms-transform: translate(1px, 4px) scale(0.875);
  transform: translate(1px, 4px) scale(0.875);
}

.emotion-1 {
  font-family: "VTEX Trust",-apple-system,system-ui,BlinkMacSystemFont,sans-serif;
  font-variation-settings: 'WGHT' 400;
  font-size: 0.875rem;
  line-height: 1.4285714286;
  letter-spacing: 0.002em;
  left: 12px;
  padding-top: 0.5rem;
  color: #545454;
  margin-bottom: 0.75rem;
  position: absolute;
  -webkit-transform: translate(0, 16px) scale(1);
  -moz-transform: translate(0, 16px) scale(1);
  -ms-transform: translate(0, 16px) scale(1);
  transform: translate(0, 16px) scale(1);
  transform-origin: top left;
  -webkit-transition: all 0.2s ease-out;
  transition: all 0.2s ease-out;
}

.emotion-3 {
  display: -webkit-box;
  display: -webkit-flex;
  display: -ms-flexbox;
  display: flex;
  -webkit-box-pack: justify;
  -webkit-justify-content: space-between;
  justify-content: space-between;
  padding-top: 0.25rem;
}

.emotion-2 {
  font-family: "VTEX Trust",-apple-system,system-ui,BlinkMacSystemFont,sans-serif;
  font-variation-settings: 'WGHT' 400;
  font-size: 0.75rem;
  line-height: 1.3333333333;
  letter-spacing: 0.004em;
  color: #545454;
}

.emotion-0 {
  font-family: "VTEX Trust",-apple-system,system-ui,BlinkMacSystemFont,sans-serif;
  font-variation-settings: 'WGHT' 400;
  font-size: 0.875rem;
  line-height: 1.4285714286;
  letter-spacing: 0.002em;
  padding-top: 24px;
  height: 100px;
  resize: none;
  width: 100%;
  padding-left: 0.75rem;
  padding-right: 1rem;
  border-radius: 4px;
  margin-top: 0.25rem;
  margin-bottom: 0.25rem;
  outline: 0;
  -webkit-transition: all 70ms cubic-bezier(0.2, 0.2, 0.38, 0.9);
  transition: all 70ms cubic-bezier(0.2, 0.2, 0.38, 0.9);
  color: #000000;
  background: transparent;
  border: 1px solid #B9B9B9;
}

.emotion-0:disabled {
  background: #E6E6E6;
  color: #747474;
  border: 1px solid #747474;
}

.emotion-0:not(:focus):hover {
  border: 1px solid #545454;
}

.emotion-0:focus {
  outline: none;
  box-shadow: 0rem 0rem 0rem 0.0625rem #F4F4F4,0rem 0rem 0rem 0.1875rem #B9B9B9;
}

.emotion-0:focus:not([data-focus-visible-added]) {
  outline: none;
  box-shadow: none;
}

<div
    class="emotion-4"
  >
    <textarea
      class="emotion-0"
      id="text-area-2"
      maxlength="120"
      placeholder=" "
    />
    <label
      class="emotion-1"
      for="text-area-2"
    >
      Label
    </label>
    <div
      class="emotion-3"
    >
      <div />
      <span
        class="emotion-2"
      >
        0/120
      </span>
    </div>
  </div>
  .emotion-4 {
  position: relative;
  display: -webkit-box;
  display: -webkit-flex;
  display: -ms-flexbox;
  display: flex;
  -webkit-box-pack: start;
  -ms-flex-pack: start;
  -webkit-justify-content: flex-start;
  justify-content: flex-start;
  -webkit-flex-direction: column;
  -ms-flex-direction: column;
  flex-direction: column;
  width: 100%;
}

.emotion-4 input:focus+label,
.emotion-4 textarea:focus+label {
  -webkit-transform: translate(1px, 4px) scale(0.875);
  -moz-transform: translate(1px, 4px) scale(0.875);
  -ms-transform: translate(1px, 4px) scale(0.875);
  transform: translate(1px, 4px) scale(0.875);
}

.emotion-4 input:placeholder-shown:not(:focus)+label,
.emotion-4 textarea:placeholder-shown:not(:focus)+label {
  padding-top: 0.25rem;
}

.emotion-4 input:not(:placeholder-shown)+label,
.emotion-4 textarea:not(:placeholder-shown)+label {
  -webkit-transform: translate(1px, 4px) scale(0.875);
  -moz-transform: translate(1px, 4px) scale(0.875);
  -ms-transform: translate(1px, 4px) scale(0.875);
  transform: translate(1px, 4px) scale(0.875);
}

.emotion-1 {
  font-family: "VTEX Trust",-apple-system,system-ui,BlinkMacSystemFont,sans-serif;
  font-variation-settings: 'WGHT' 400;
  font-size: 0.875rem;
  line-height: 1.4285714286;
  letter-spacing: 0.002em;
  left: 12px;
  padding-top: 0.5rem;
  color: #545454;
  margin-bottom: 0.75rem;
  position: absolute;
  -webkit-transform: translate(0, 16px) scale(1);
  -moz-transform: translate(0, 16px) scale(1);
  -ms-transform: translate(0, 16px) scale(1);
  transform: translate(0, 16px) scale(1);
  transform-origin: top left;
  -webkit-transition: all 0.2s ease-out;
  transition: all 0.2s ease-out;
}

.emotion-3 {
  display: -webkit-box;
  display: -webkit-flex;
  display: -ms-flexbox;
  display: flex;
  -webkit-box-pack: justify;
  -webkit-justify-content: space-between;
  justify-content: space-between;
  padding-top: 0.25rem;
}

.emotion-0 {
  font-family: "VTEX Trust",-apple-system,system-ui,BlinkMacSystemFont,sans-serif;
  font-variation-settings: 'WGHT' 400;
  font-size: 0.875rem;
  line-height: 1.4285714286;
  letter-spacing: 0.002em;
  padding-top: 24px;
  height: 100px;
  resize: none;
  width: 100%;
  padding-left: 0.75rem;
  padding-right: 1rem;
  border-radius: 4px;
  margin-top: 0.25rem;
  margin-bottom: 0.25rem;
  outline: 0;
  -webkit-transition: all 70ms cubic-bezier(0.2, 0.2, 0.38, 0.9);
  transition: all 70ms cubic-bezier(0.2, 0.2, 0.38, 0.9);
  color: #000000;
  background: form.critical;
  border: 1px solid #CC3D3D;
}

.emotion-0:disabled {
  background: #E6E6E6;
  color: #747474;
  border: 1px solid #747474;
}

.emotion-0:not(:focus):hover {
  border: 1px solid #962828;
}

.emotion-0:focus {
  outline: none;
  box-shadow: 0rem 0rem 0rem 0.0625rem #FBF2F2,0rem 0rem 0rem 0.1875rem #F49494;
}

.emotion-0:focus:not([data-focus-visible-added]) {
  outline: none;
  box-shadow: none;
}

.emotion-2 {
  font-family: "VTEX Trust",-apple-system,system-ui,BlinkMacSystemFont,sans-serif;
  font-variation-settings: 'WGHT' 400;
  font-size: 0.75rem;
  line-height: 1.3333333333;
  letter-spacing: 0.004em;
  color: #CC3D3D;
}

<div
    class="emotion-4"
  >
    <textarea
      class="emotion-0"
      id="text-area-3"
      placeholder=" "
    />
    <label
      class="emotion-1"
      for="text-area-3"
    >
      Label
    </label>
    <div
      class="emotion-3"
    >
      <span
        class="emotion-2"
      >
        Critical Message
      </span>
    </div>
  </div>
  .emotion-5 {
  position: relative;
  display: -webkit-box;
  display: -webkit-flex;
  display: -ms-flexbox;
  display: flex;
  -webkit-box-pack: start;
  -ms-flex-pack: start;
  -webkit-justify-content: flex-start;
  justify-content: flex-start;
  -webkit-flex-direction: column;
  -ms-flex-direction: column;
  flex-direction: column;
  width: 100%;
}

.emotion-5 input:focus+label,
.emotion-5 textarea:focus+label {
  -webkit-transform: translate(1px, 4px) scale(0.875);
  -moz-transform: translate(1px, 4px) scale(0.875);
  -ms-transform: translate(1px, 4px) scale(0.875);
  transform: translate(1px, 4px) scale(0.875);
}

.emotion-5 input:placeholder-shown:not(:focus)+label,
.emotion-5 textarea:placeholder-shown:not(:focus)+label {
  padding-top: 0.25rem;
}

.emotion-5 input:not(:placeholder-shown)+label,
.emotion-5 textarea:not(:placeholder-shown)+label {
  -webkit-transform: translate(1px, 4px) scale(0.875);
  -moz-transform: translate(1px, 4px) scale(0.875);
  -ms-transform: translate(1px, 4px) scale(0.875);
  transform: translate(1px, 4px) scale(0.875);
}

.emotion-1 {
  font-family: "VTEX Trust",-apple-system,system-ui,BlinkMacSystemFont,sans-serif;
  font-variation-settings: 'WGHT' 400;
  font-size: 0.875rem;
  line-height: 1.4285714286;
  letter-spacing: 0.002em;
  left: 12px;
  padding-top: 0.5rem;
  color: #545454;
  margin-bottom: 0.75rem;
  position: absolute;
  -webkit-transform: translate(0, 16px) scale(1);
  -moz-transform: translate(0, 16px) scale(1);
  -ms-transform: translate(0, 16px) scale(1);
  transform: translate(0, 16px) scale(1);
  transform-origin: top left;
  -webkit-transition: all 0.2s ease-out;
  transition: all 0.2s ease-out;
}

.emotion-4 {
  display: -webkit-box;
  display: -webkit-flex;
  display: -ms-flexbox;
  display: flex;
  -webkit-box-pack: justify;
  -webkit-justify-content: space-between;
  justify-content: space-between;
  padding-top: 0.25rem;
}

.emotion-2 {
  font-family: "VTEX Trust",-apple-system,system-ui,BlinkMacSystemFont,sans-serif;
  font-variation-settings: 'WGHT' 400;
  font-size: 0.75rem;
  line-height: 1.3333333333;
  letter-spacing: 0.004em;
  color: #545454;
}

.emotion-0 {
  font-family: "VTEX Trust",-apple-system,system-ui,BlinkMacSystemFont,sans-serif;
  font-variation-settings: 'WGHT' 400;
  font-size: 0.875rem;
  line-height: 1.4285714286;
  letter-spacing: 0.002em;
  padding-top: 24px;
  height: 100px;
  resize: none;
  width: 100%;
  padding-left: 0.75rem;
  padding-right: 1rem;
  border-radius: 4px;
  margin-top: 0.25rem;
  margin-bottom: 0.25rem;
  outline: 0;
  -webkit-transition: all 70ms cubic-bezier(0.2, 0.2, 0.38, 0.9);
  transition: all 70ms cubic-bezier(0.2, 0.2, 0.38, 0.9);
  color: #000000;
  background: transparent;
  border: 1px solid #B9B9B9;
}

.emotion-0:disabled {
  background: #E6E6E6;
  color: #747474;
  border: 1px solid #747474;
}

.emotion-0:not(:focus):hover {
  border: 1px solid #545454;
}

.emotion-0:focus {
  outline: none;
  box-shadow: 0rem 0rem 0rem 0.0625rem #F4F4F4,0rem 0rem 0rem 0.1875rem #B9B9B9;
}

.emotion-0:focus:not([data-focus-visible-added]) {
  outline: none;
  box-shadow: none;
}

<div
    class="emotion-5"
  >
    <textarea
      class="emotion-0"
      id="text-area-4"
      maxlength="120"
      placeholder=" "
    />
    <label
      class="emotion-1"
      for="text-area-4"
    >
      Label
    </label>
    <div
      class="emotion-4"
    >
      <span
        class="emotion-2"
      >
        Helper Text
      </span>
      <span
        class="emotion-2"
      >
        0/120
      </span>
    </div>
  </div>
  .emotion-5 {
  position: relative;
  display: -webkit-box;
  display: -webkit-flex;
  display: -ms-flexbox;
  display: flex;
  -webkit-box-pack: start;
  -ms-flex-pack: start;
  -webkit-justify-content: flex-start;
  justify-content: flex-start;
  -webkit-flex-direction: column;
  -ms-flex-direction: column;
  flex-direction: column;
  width: 100%;
}

.emotion-5 input:focus+label,
.emotion-5 textarea:focus+label {
  -webkit-transform: translate(1px, 4px) scale(0.875);
  -moz-transform: translate(1px, 4px) scale(0.875);
  -ms-transform: translate(1px, 4px) scale(0.875);
  transform: translate(1px, 4px) scale(0.875);
}

.emotion-5 input:placeholder-shown:not(:focus)+label,
.emotion-5 textarea:placeholder-shown:not(:focus)+label {
  padding-top: 0.25rem;
}

.emotion-5 input:not(:placeholder-shown)+label,
.emotion-5 textarea:not(:placeholder-shown)+label {
  -webkit-transform: translate(1px, 4px) scale(0.875);
  -moz-transform: translate(1px, 4px) scale(0.875);
  -ms-transform: translate(1px, 4px) scale(0.875);
  transform: translate(1px, 4px) scale(0.875);
}

.emotion-1 {
  font-family: "VTEX Trust",-apple-system,system-ui,BlinkMacSystemFont,sans-serif;
  font-variation-settings: 'WGHT' 400;
  font-size: 0.875rem;
  line-height: 1.4285714286;
  letter-spacing: 0.002em;
  left: 12px;
  padding-top: 0.5rem;
  color: #545454;
  margin-bottom: 0.75rem;
  position: absolute;
  -webkit-transform: translate(0, 16px) scale(1);
  -moz-transform: translate(0, 16px) scale(1);
  -ms-transform: translate(0, 16px) scale(1);
  transform: translate(0, 16px) scale(1);
  transform-origin: top left;
  -webkit-transition: all 0.2s ease-out;
  transition: all 0.2s ease-out;
}

.emotion-4 {
  display: -webkit-box;
  display: -webkit-flex;
  display: -ms-flexbox;
  display: flex;
  -webkit-box-pack: justify;
  -webkit-justify-content: space-between;
  justify-content: space-between;
  padding-top: 0.25rem;
}

.emotion-3 {
  font-family: "VTEX Trust",-apple-system,system-ui,BlinkMacSystemFont,sans-serif;
  font-variation-settings: 'WGHT' 400;
  font-size: 0.75rem;
  line-height: 1.3333333333;
  letter-spacing: 0.004em;
  color: #545454;
}

.emotion-0 {
  font-family: "VTEX Trust",-apple-system,system-ui,BlinkMacSystemFont,sans-serif;
  font-variation-settings: 'WGHT' 400;
  font-size: 0.875rem;
  line-height: 1.4285714286;
  letter-spacing: 0.002em;
  padding-top: 24px;
  height: 100px;
  resize: none;
  width: 100%;
  padding-left: 0.75rem;
  padding-right: 1rem;
  border-radius: 4px;
  margin-top: 0.25rem;
  margin-bottom: 0.25rem;
  outline: 0;
  -webkit-transition: all 70ms cubic-bezier(0.2, 0.2, 0.38, 0.9);
  transition: all 70ms cubic-bezier(0.2, 0.2, 0.38, 0.9);
  color: #000000;
  background: form.critical;
  border: 1px solid #CC3D3D;
}

.emotion-0:disabled {
  background: #E6E6E6;
  color: #747474;
  border: 1px solid #747474;
}

.emotion-0:not(:focus):hover {
  border: 1px solid #962828;
}

.emotion-0:focus {
  outline: none;
  box-shadow: 0rem 0rem 0rem 0.0625rem #FBF2F2,0rem 0rem 0rem 0.1875rem #F49494;
}

.emotion-0:focus:not([data-focus-visible-added]) {
  outline: none;
  box-shadow: none;
}

.emotion-2 {
  font-family: "VTEX Trust",-apple-system,system-ui,BlinkMacSystemFont,sans-serif;
  font-variation-settings: 'WGHT' 400;
  font-size: 0.75rem;
  line-height: 1.3333333333;
  letter-spacing: 0.004em;
  color: #CC3D3D;
}

<div
    class="emotion-5"
  >
    <textarea
      class="emotion-0"
      id="text-area-5"
      maxlength="120"
      placeholder=" "
    />
    <label
      class="emotion-1"
      for="text-area-5"
    >
      Label
    </label>
    <div
      class="emotion-4"
    >
      <span
        class="emotion-2"
      >
        Critical Message
      </span>
      <span
        class="emotion-3"
      >
        0/120
      </span>
    </div>
  </div>
</DocumentFragment>
`;
