// Jest Snapshot v1, https://goo.gl/fbAQLP

exports[`Skeleton tests should match snapshot 1`] = `
<DocumentFragment>
  @keyframes animation-0 {
  0% {
    -webkit-background-position: -200px 0;
    background-position: -200px 0;
  }

  100% {
    -webkit-background-position: calc(200px + 100%) 0;
    background-position: calc(200px + 100%) 0;
  }
}

.emotion-0 {
  display: inline-block;
  width: 100%;
  height: 100%;
  background: linear-gradient(90deg, hsla(0, 0%, 90%, 1), hsla(0, 0%, 87%, 1)),hsla(0, 0%, 90%, 1);
  -webkit-background-size: 200px 100%;
  background-size: 200px 100%;
  background-repeat: no-repeat;
  line-height: 1;
  border-radius: 4px;
  -webkit-animation: animation-0 1.2s ease-in-out infinite;
  animation: animation-0 1.2s ease-in-out infinite;
}

<div
    class="emotion-0"
  />
  @keyframes animation-0 {
  0% {
    -webkit-background-position: -200px 0;
    background-position: -200px 0;
  }

  100% {
    -webkit-background-position: calc(200px + 100%) 0;
    background-position: calc(200px + 100%) 0;
  }
}

.emotion-0 {
  display: inline-block;
  width: 100%;
  height: 100%;
  background: linear-gradient(90deg, hsla(0, 0%, 90%, 1), hsla(0, 0%, 87%, 1)),hsla(0, 0%, 90%, 1);
  -webkit-background-size: 200px 100%;
  background-size: 200px 100%;
  background-repeat: no-repeat;
  line-height: 1;
  border-radius: 100%;
  -webkit-animation: animation-0 1.2s ease-in-out infinite;
  animation: animation-0 1.2s ease-in-out infinite;
}

<div
    class="emotion-0"
  />
</DocumentFragment>
`;
