// Jest Snapshot v1, https://goo.gl/fbAQLP

exports[`Toggle tests should match snapshot with diferent sizes 1`] = `
<DocumentFragment>
  .emotion-0 {
  background: hsla(0, 0%, 73%, 1);
  border: 1px solid hsla(0, 0%, 73%, 1);
  -webkit-appearance: none;
  -moz-appearance: none;
  -ms-appearance: none;
  appearance: none;
  position: relative;
  cursor: pointer;
  margin: 0rem;
  border-radius: 6.25rem;
  border-style: solid;
  border-width: 1px;
  height: 20px;
  width: 36px;
}

.emotion-0:focus:not([data-focus-visible-added]) {
  outline: none;
  box-shadow: none;
}

.emotion-0:focus {
  outline: none;
  box-shadow: 0rem 0rem 0rem 0.125rem hsla(0, 0%, 87%, 1);
}

.emotion-0:disabled {
  background: hsla(0, 0%, 90%, 1);
  border: 1px solid hsla(0, 0%, 45%, 1);
  color: hsla(0, 0%, 45%, 1);
  cursor: not-allowed;
}

.emotion-0:hover {
  background: hsla(0, 0%, 33%, 1);
  border: 1px solid hsla(0, 0%, 33%, 1);
}

.emotion-0:active {
  background: hsla(0, 0%, 23%, 1);
  border: 1px solid hsla(0, 0%, 23%, 1);
}

.emotion-0:after {
  background: #FFFFFF;
  content: "";
  display: block;
  position: absolute;
  border-radius: 1.25rem;
  -webkit-transition: -webkit-transform .25s ease;
  transition: transform .25s ease;
}

.emotion-0:checked {
  background: #000000;
  color: #FFFFFF;
  border: 1px solid #000000;
}

.emotion-0:checked[disabled]:after {
  background: hsla(0, 0%, 45%, 1);
  content: "";
  display: block;
  position: absolute;
  border-radius: 1.25rem;
  -webkit-transition: -webkit-transform .25s ease;
  transition: transform .25s ease;
}

.emotion-0:checked:disabled {
  cursor: not-allowed;
  background: hsla(0, 0%, 90%, 1);
  border: 1px solid hsla(0, 0%, 45%, 1);
}

.emotion-0:checked:hover {
  background: hsla(0, 0%, 23%, 1);
  border: 1px solid hsla(0, 0%, 23%, 1);
}

.emotion-0:checked:active {
  background: hsla(0, 0%, 33%, 1);
  border: 1px solid hsla(0, 0%, 33%, 1);
}

.emotion-0:checked:after {
  -webkit-transform: translateX(1rem);
  -moz-transform: translateX(1rem);
  -ms-transform: translateX(1rem);
  transform: translateX(1rem);
}

.emotion-0:after {
  width: 18px;
  height: 18px;
}

<input
    aria-checked="false"
    aria-label="toggle 1"
    class="emotion-0"
    role="switch"
    type="checkbox"
    value="toggle 1"
  />
  .emotion-0 {
  background: hsla(0, 0%, 73%, 1);
  border: 1px solid hsla(0, 0%, 73%, 1);
  -webkit-appearance: none;
  -moz-appearance: none;
  -ms-appearance: none;
  appearance: none;
  position: relative;
  cursor: pointer;
  margin: 0rem;
  border-radius: 6.25rem;
  border-style: solid;
  border-width: 1px;
  height: 16px;
  width: 28px;
}

.emotion-0:focus:not([data-focus-visible-added]) {
  outline: none;
  box-shadow: none;
}

.emotion-0:focus {
  outline: none;
  box-shadow: 0rem 0rem 0rem 0.125rem hsla(0, 0%, 87%, 1);
}

.emotion-0:disabled {
  background: hsla(0, 0%, 90%, 1);
  border: 1px solid hsla(0, 0%, 45%, 1);
  color: hsla(0, 0%, 45%, 1);
  cursor: not-allowed;
}

.emotion-0:hover {
  background: hsla(0, 0%, 33%, 1);
  border: 1px solid hsla(0, 0%, 33%, 1);
}

.emotion-0:active {
  background: hsla(0, 0%, 23%, 1);
  border: 1px solid hsla(0, 0%, 23%, 1);
}

.emotion-0:after {
  background: #FFFFFF;
  content: "";
  display: block;
  position: absolute;
  border-radius: 1.25rem;
  -webkit-transition: -webkit-transform .25s ease;
  transition: transform .25s ease;
}

.emotion-0:checked {
  background: #000000;
  color: #FFFFFF;
  border: 1px solid #000000;
}

.emotion-0:checked[disabled]:after {
  background: hsla(0, 0%, 45%, 1);
  content: "";
  display: block;
  position: absolute;
  border-radius: 1.25rem;
  -webkit-transition: -webkit-transform .25s ease;
  transition: transform .25s ease;
}

.emotion-0:checked:disabled {
  cursor: not-allowed;
  background: hsla(0, 0%, 90%, 1);
  border: 1px solid hsla(0, 0%, 45%, 1);
}

.emotion-0:checked:hover {
  background: hsla(0, 0%, 23%, 1);
  border: 1px solid hsla(0, 0%, 23%, 1);
}

.emotion-0:checked:active {
  background: hsla(0, 0%, 33%, 1);
  border: 1px solid hsla(0, 0%, 33%, 1);
}

.emotion-0:checked:after {
  -webkit-transform: translateX(12px);
  -moz-transform: translateX(12px);
  -ms-transform: translateX(12px);
  transform: translateX(12px);
}

.emotion-0:after {
  width: 14px;
  height: 14px;
}

<input
    aria-checked="false"
    aria-label="toggle 2"
    class="emotion-0"
    role="switch"
    type="checkbox"
    value="toggle 2"
  />
</DocumentFragment>
`;
